Archive member included to satisfy reference by file (symbol)

e:/gcc-arm-none-eabi-10-2020-q4-major/bin/../lib/gcc/arm-none-eabi/10.2.1/thumb/v7e-m+fp/hard\libgcc.a(_arm_addsubdf3.o)
                              CMakeFiles/UART_PWM.elf.dir/Core/Src/freertos.c.obj (__aeabi_f2d)
e:/gcc-arm-none-eabi-10-2020-q4-major/bin/../lib/gcc/arm-none-eabi/10.2.1/thumb/v7e-m+fp/hard\libgcc.a(_arm_truncdfsf2.o)
                              CMakeFiles/UART_PWM.elf.dir/UserApp/Retarget/retarget.c.obj (__aeabi_d2f)
e:/gcc-arm-none-eabi-10-2020-q4-major/bin/../lib/gcc/arm-none-eabi/10.2.1/thumb/v7e-m+fp/hard\libgcc.a(_aeabi_uldivmod.o)
                              CMakeFiles/UART_PWM.elf.dir/Drivers/STM32H7xx_HAL_Driver/Src/stm32h7xx_hal_uart.c.obj (__aeabi_uldivmod)
e:/gcc-arm-none-eabi-10-2020-q4-major/bin/../lib/gcc/arm-none-eabi/10.2.1/thumb/v7e-m+fp/hard\libgcc.a(_udivmoddi4.o)
                              e:/gcc-arm-none-eabi-10-2020-q4-major/bin/../lib/gcc/arm-none-eabi/10.2.1/thumb/v7e-m+fp/hard\libgcc.a(_aeabi_uldivmod.o) (__udivmoddi4)
e:/gcc-arm-none-eabi-10-2020-q4-major/bin/../lib/gcc/arm-none-eabi/10.2.1/thumb/v7e-m+fp/hard\libgcc.a(_dvmd_tls.o)
                              e:/gcc-arm-none-eabi-10-2020-q4-major/bin/../lib/gcc/arm-none-eabi/10.2.1/thumb/v7e-m+fp/hard\libgcc.a(_aeabi_uldivmod.o) (__aeabi_ldiv0)
e:/gcc-arm-none-eabi-10-2020-q4-major/bin/../lib/gcc/arm-none-eabi/10.2.1/../../../../arm-none-eabi/lib/thumb/v7e-m+fp/hard\libc.a(lib_a-atof.o)
                              CMakeFiles/UART_PWM.elf.dir/UserApp/Retarget/retarget.c.obj (atof)
e:/gcc-arm-none-eabi-10-2020-q4-major/bin/../lib/gcc/arm-none-eabi/10.2.1/../../../../arm-none-eabi/lib/thumb/v7e-m+fp/hard\libc.a(lib_a-errno.o)
                              CMakeFiles/UART_PWM.elf.dir/Core/Src/syscalls.c.obj (__errno)
e:/gcc-arm-none-eabi-10-2020-q4-major/bin/../lib/gcc/arm-none-eabi/10.2.1/../../../../arm-none-eabi/lib/thumb/v7e-m+fp/hard\libc.a(lib_a-exit.o)
                              e:/gcc-arm-none-eabi-10-2020-q4-major/bin/../lib/gcc/arm-none-eabi/10.2.1/../../../../arm-none-eabi/lib/thumb/v7e-m+fp/hard/crt0.o (exit)
e:/gcc-arm-none-eabi-10-2020-q4-major/bin/../lib/gcc/arm-none-eabi/10.2.1/../../../../arm-none-eabi/lib/thumb/v7e-m+fp/hard\libc.a(lib_a-impure.o)
                              e:/gcc-arm-none-eabi-10-2020-q4-major/bin/../lib/gcc/arm-none-eabi/10.2.1/../../../../arm-none-eabi/lib/thumb/v7e-m+fp/hard\libc.a(lib_a-exit.o) (_global_impure_ptr)
e:/gcc-arm-none-eabi-10-2020-q4-major/bin/../lib/gcc/arm-none-eabi/10.2.1/../../../../arm-none-eabi/lib/thumb/v7e-m+fp/hard\libc.a(lib_a-init.o)
                              e:/gcc-arm-none-eabi-10-2020-q4-major/bin/../lib/gcc/arm-none-eabi/10.2.1/../../../../arm-none-eabi/lib/thumb/v7e-m+fp/hard/crt0.o (__libc_init_array)
e:/gcc-arm-none-eabi-10-2020-q4-major/bin/../lib/gcc/arm-none-eabi/10.2.1/../../../../arm-none-eabi/lib/thumb/v7e-m+fp/hard\libc.a(lib_a-memcpy.o)
                              CMakeFiles/UART_PWM.elf.dir/Middlewares/Third_Party/FreeRTOS/Source/queue.c.obj (memcpy)
e:/gcc-arm-none-eabi-10-2020-q4-major/bin/../lib/gcc/arm-none-eabi/10.2.1/../../../../arm-none-eabi/lib/thumb/v7e-m+fp/hard\libc.a(lib_a-memset.o)
                              e:/gcc-arm-none-eabi-10-2020-q4-major/bin/../lib/gcc/arm-none-eabi/10.2.1/../../../../arm-none-eabi/lib/thumb/v7e-m+fp/hard/crt0.o (memset)
e:/gcc-arm-none-eabi-10-2020-q4-major/bin/../lib/gcc/arm-none-eabi/10.2.1/../../../../arm-none-eabi/lib/thumb/v7e-m+fp/hard\libc.a(lib_a-strchr.o)
                              CMakeFiles/UART_PWM.elf.dir/UserApp/Retarget/retarget.c.obj (strchr)
e:/gcc-arm-none-eabi-10-2020-q4-major/bin/../lib/gcc/arm-none-eabi/10.2.1/../../../../arm-none-eabi/lib/thumb/v7e-m+fp/hard\libc.a(lib_a-strlen.o)
                              CMakeFiles/UART_PWM.elf.dir/UserApp/Retarget/retarget.c.obj (strlen)
e:/gcc-arm-none-eabi-10-2020-q4-major/bin/../lib/gcc/arm-none-eabi/10.2.1/../../../../arm-none-eabi/lib/thumb/v7e-m+fp/hard\libc.a(lib_a-strncpy.o)
                              CMakeFiles/UART_PWM.elf.dir/UserApp/Retarget/retarget.c.obj (strncpy)
e:/gcc-arm-none-eabi-10-2020-q4-major/bin/../lib/gcc/arm-none-eabi/10.2.1/../../../../arm-none-eabi/lib/thumb/v7e-m+fp/hard\libc.a(lib_a-strtod.o)
                              e:/gcc-arm-none-eabi-10-2020-q4-major/bin/../lib/gcc/arm-none-eabi/10.2.1/../../../../arm-none-eabi/lib/thumb/v7e-m+fp/hard\libc.a(lib_a-atof.o) (strtod)
e:/gcc-arm-none-eabi-10-2020-q4-major/bin/../lib/gcc/arm-none-eabi/10.2.1/../../../../arm-none-eabi/lib/thumb/v7e-m+fp/hard\libc.a(lib_a-vsnprintf.o)
                              CMakeFiles/UART_PWM.elf.dir/UserApp/Retarget/retarget.c.obj (vsnprintf)
e:/gcc-arm-none-eabi-10-2020-q4-major/bin/../lib/gcc/arm-none-eabi/10.2.1/../../../../arm-none-eabi/lib/thumb/v7e-m+fp/hard\libc.a(lib_a-__call_atexit.o)
[...]
Memory Configuration

Name             Origin             Length             Attributes
FLASH            0x08000000         0x00020000         xr
DTCMRAM          0x20000000         0x00020000         xrw
RAM_D1           0x24000000         0x00080000         xrw
RAM_D2           0x30000000         0x00048000         xrw
RAM_D3           0x38000000         0x00010000         xrw
ITCMRAM          0x00000000         0x00010000         xrw
*default*        0x00000000         0xffffffff

Linker script and memory map

LOAD e:/gcc-arm-none-eabi-10-2020-q4-major/bin/../lib/gcc/arm-none-eabi/10.2.1/thumb/v7e-m+fp/hard/crti.o
LOAD e:/gcc-arm-none-eabi-10-2020-q4-major/bin/../lib/gcc/arm-none-eabi/10.2.1/thumb/v7e-m+fp/hard/crtbegin.o
LOAD e:/gcc-arm-none-eabi-10-2020-q4-major/bin/../lib/gcc/arm-none-eabi/10.2.1/../../../../arm-none-eabi/lib/thumb/v7e-m+fp/hard/crt0.o
LOAD CMakeFiles/UART_PWM.elf.dir/Core/Src/freertos.c.obj
LOAD CMakeFiles/UART_PWM.elf.dir/Core/Src/main.c.obj
LOAD CMakeFiles/UART_PWM.elf.dir/Core/Src/stm32h7xx_hal_msp.c.obj
LOAD CMakeFiles/UART_PWM.elf.dir/Core/Src/stm32h7xx_it.c.obj
LOAD CMakeFiles/UART_PWM.elf.dir/Core/Src/syscalls.c.obj
LOAD CMakeFiles/UART_PWM.elf.dir/Core/Src/sysmem.c.obj
LOAD CMakeFiles/UART_PWM.elf.dir/Core/Src/system_stm32h7xx.c.obj
LOAD CMakeFiles/UART_PWM.elf.dir/Core/Startup/startup_stm32h750vbtx.s.obj
LOAD CMakeFiles/UART_PWM.elf.dir/Drivers/STM32H7xx_HAL_Driver/Src/stm32h7xx_hal.c.obj
LOAD CMakeFiles/UART_PWM.elf.dir/Drivers/STM32H7xx_HAL_Driver/Src/stm32h7xx_hal_cortex.c.obj
LOAD CMakeFiles/UART_PWM.elf.dir/Drivers/STM32H7xx_HAL_Driver/Src/stm32h7xx_hal_dma.c.obj
LOAD CMakeFiles/UART_PWM.elf.dir/Drivers/STM32H7xx_HAL_Driver/Src/stm32h7xx_hal_dma_ex.c.obj
LOAD CMakeFiles/UART_PWM.elf.dir/Drivers/STM32H7xx_HAL_Driver/Src/stm32h7xx_hal_exti.c.obj
LOAD CMakeFiles/UART_PWM.elf.dir/Drivers/STM32H7xx_HAL_Driver/Src/stm32h7xx_hal_flash.c.obj
LOAD CMakeFiles/UART_PWM.elf.dir/Drivers/STM32H7xx_HAL_Driver/Src/stm32h7xx_hal_flash_ex.c.obj
LOAD CMakeFiles/UART_PWM.elf.dir/Drivers/STM32H7xx_HAL_Driver/Src/stm32h7xx_hal_gpio.c.obj
LOAD CMakeFiles/UART_PWM.elf.dir/Drivers/STM32H7xx_HAL_Driver/Src/stm32h7xx_hal_hsem.c.obj
LOAD CMakeFiles/UART_PWM.elf.dir/Drivers/STM32H7xx_HAL_Driver/Src/stm32h7xx_hal_i2c.c.obj
LOAD CMakeFiles/UART_PWM.elf.dir/Drivers/STM32H7xx_HAL_Driver/Src/stm32h7xx_hal_i2c_ex.c.obj
LOAD CMakeFiles/UART_PWM.elf.dir/Drivers/STM32H7xx_HAL_Driver/Src/stm32h7xx_hal_mdma.c.obj
LOAD CMakeFiles/UART_PWM.elf.dir/Drivers/STM32H7xx_HAL_Driver/Src/stm32h7xx_hal_pwr.c.obj
LOAD CMakeFiles/UART_PWM.elf.dir/Drivers/STM32H7xx_HAL_Driver/Src/stm32h7xx_hal_pwr_ex.c.obj
LOAD CMakeFiles/UART_PWM.elf.dir/Drivers/STM32H7xx_HAL_Driver/Src/stm32h7xx_hal_rcc.c.obj
LOAD CMakeFiles/UART_PWM.elf.dir/Drivers/STM32H7xx_HAL_Driver/Src/stm32h7xx_hal_rcc_ex.c.obj
LOAD CMakeFiles/UART_PWM.elf.dir/Drivers/STM32H7xx_HAL_Driver/Src/stm32h7xx_hal_tim.c.obj
LOAD CMakeFiles/UART_PWM.elf.dir/Drivers/STM32H7xx_HAL_Driver/Src/stm32h7xx_hal_tim_ex.c.obj
LOAD CMakeFiles/UART_PWM.elf.dir/Drivers/STM32H7xx_HAL_Driver/Src/stm32h7xx_hal_uart.c.obj
LOAD CMakeFiles/UART_PWM.elf.dir/Drivers/STM32H7xx_HAL_Driver/Src/stm32h7xx_hal_uart_ex.c.obj
LOAD CMakeFiles/UART_PWM.elf.dir/Middlewares/Third_Party/FreeRTOS/Source/CMSIS_RTOS/cmsis_os.c.obj
LOAD CMakeFiles/UART_PWM.elf.dir/Middlewares/Third_Party/FreeRTOS/Source/croutine.c.obj
LOAD CMakeFiles/UART_PWM.elf.dir/Middlewares/Third_Party/FreeRTOS/Source/event_groups.c.obj
LOAD CMakeFiles/UART_PWM.elf.dir/Middlewares/Third_Party/FreeRTOS/Source/list.c.obj
LOAD CMakeFiles/UART_PWM.elf.dir/Middlewares/Third_Party/FreeRTOS/Source/portable/GCC/ARM_CM4F/port.c.obj
LOAD CMakeFiles/UART_PWM.elf.dir/Middlewares/Third_Party/FreeRTOS/Source/portable/MemMang/heap_4.c.obj
LOAD CMakeFiles/UART_PWM.elf.dir/Middlewares/Third_Party/FreeRTOS/Source/queue.c.obj
LOAD CMakeFiles/UART_PWM.elf.dir/Middlewares/Third_Party/FreeRTOS/Source/stream_buffer.c.obj
LOAD CMakeFiles/UART_PWM.elf.dir/Middlewares/Third_Party/FreeRTOS/Source/tasks.c.obj
LOAD CMakeFiles/UART_PWM.elf.dir/Middlewares/Third_Party/FreeRTOS/Source/timers.c.obj
LOAD CMakeFiles/UART_PWM.elf.dir/UserApp/Button/multi_button.c.obj
LOAD CMakeFiles/UART_PWM.elf.dir/UserApp/Retarget/retarget.c.obj
START GROUP
LOAD e:/gcc-arm-none-eabi-10-2020-q4-major/bin/../lib/gcc/arm-none-eabi/10.2.1/thumb/v7e-m+fp/hard\libgcc.a
LOAD e:/gcc-arm-none-eabi-10-2020-q4-major/bin/../lib/gcc/arm-none-eabi/10.2.1/../../../../arm-none-eabi/lib/thumb/v7e-m+fp/hard\libc.a
END GROUP
LOAD e:/gcc-arm-none-eabi-10-2020-q4-major/bin/../lib/gcc/arm-none-eabi/10.2.1/thumb/v7e-m+fp/hard/crtend.o
LOAD e:/gcc-arm-none-eabi-10-2020-q4-major/bin/../lib/gcc/arm-none-eabi/10.2.1/thumb/v7e-m+fp/hard/crtn.o
                0x24080000                _estack = (ORIGIN (RAM_D1) + LENGTH (RAM_D1))
                0x00000200                _Min_Heap_Size = 0x200
                0x00000400                _Min_Stack_Size = 0x400

.isr_vector     0x08000000      0x298
                0x08000000                . = ALIGN (0x4)
 *(.isr_vector)
 .isr_vector    0x08000000      0x298 CMakeFiles/UART_PWM.elf.dir/Core/Startup/startup_stm32h750vbtx.s.obj
                0x08000000                g_pfnVectors
                0x08000298                . = ALIGN (0x4)

.text           0x080002c0     0xe4e8
                0x080002c0                . = ALIGN (0x4)
 *(.text)
 .text          0x080002c0       0x40 e:/gcc-arm-none-eabi-10-2020-q4-major/bin/../lib/gcc/arm-none-eabi/10.2.1/thumb/v7e-m+fp/hard/crtbegin.o
 .text          0x08000300      0x378 e:/gcc-arm-none-eabi-10-2020-q4-major/bin/../lib/gcc/arm-none-eabi/10.2.1/thumb/v7e-m+fp/hard\libgcc.a(_arm_addsubdf3.o)
                0x08000300                __aeabi_drsub
                0x08000308                __aeabi_dsub
                0x08000308                __subdf3
                0x0800030c                __aeabi_dadd
                0x0800030c                __adddf3
                0x08000584                __floatunsidf
                0x08000584                __aeabi_ui2d
                0x080005a4                __floatsidf
                0x080005a4                __aeabi_i2d
                0x080005c8                __aeabi_f2d
                0x080005c8                __extendsfdf2
                0x0800060c                __floatundidf
                0x0800060c                __aeabi_ul2d
                0x0800061c                __floatdidf
                0x0800061c                __aeabi_l2d
 .text          0x08000678       0x30 e:/gcc-arm-none-eabi-10-2020-q4-major/bin/../lib/gcc/arm-none-eabi/10.2.1/thumb/v7e-m+fp/hard\libgcc.a(_aeabi_uldivmod.o)
                0x08000678                __aeabi_uldivmod
 .text          0x080006a8      0x2d0 e:/gcc-arm-none-eabi-10-2020-q4-major/bin/../lib/gcc/arm-none-eabi/10.2.1/thumb/v7e-m+fp/hard\libgcc.a(_udivmoddi4.o)
                0x080006a8                __udivmoddi4
 .text          0x08000978        0x4 e:/gcc-arm-none-eabi-10-2020-q4-major/bin/../lib/gcc/arm-none-eabi/10.2.1/thumb/v7e-m+fp/hard\libgcc.a(_dvmd_tls.o)
                0x08000978                __aeabi_idiv0
                0x08000978                __aeabi_ldiv0
 .text          0x0800097c      0x134 e:/gcc-arm-none-eabi-10-2020-q4-major/bin/../lib/gcc/arm-none-eabi/10.2.1/../../../../arm-none-eabi/lib/thumb/v7e-m+fp/hard\libc.a(lib_a-memcpy.o)
                0x0800097c                memcpy
 *fill*         0x08000ab0       0x10 
 .text          0x08000ac0       0xdc e:/gcc-arm-none-eabi-10-2020-q4-major/bin/../lib/gcc/arm-none-eabi/10.2.1/../../../../arm-none-eabi/lib/thumb/v7e-m+fp/hard\libc.a(lib_a-strlen.o)
                0x08000ac0                strlen
 *fill*         0x08000b9c        0x4 
 .text          0x08000ba0       0xa0 e:/gcc-arm-none-eabi-10-2020-q4-major/bin/../lib/gcc/arm-none-eabi/10.2.1/../../../../arm-none-eabi/lib/thumb/v7e-m+fp/hard\libc.a(lib_a-memchr.o)
                0x08000ba0                memchr
 .text          0x08000c40      0x424 e:/gcc-arm-none-eabi-10-2020-q4-major/bin/../lib/gcc/arm-none-eabi/10.2.1/thumb/v7e-m+fp/hard\libgcc.a(_arm_muldivdf3.o)
                0x08000c40                __aeabi_dmul
                0x08000c40                __muldf3
                0x08000e94                __divdf3
                0x08000e94                __aeabi_ddiv
 .text          0x08001064      0x110 e:/gcc-arm-none-eabi-10-2020-q4-major/bin/../lib/gcc/arm-none-eabi/10.2.1/thumb/v7e-m+fp/hard\libgcc.a(_arm_cmpdf2.o)
                0x08001064                __gtdf2
                0x08001064                __gedf2
                0x0800106c                __ltdf2
                0x0800106c                __ledf2
                0x08001074                __nedf2
                0x08001074                __eqdf2
                0x08001074                __cmpdf2
                0x080010f0                __aeabi_cdrcmple
                0x08001100                __aeabi_cdcmpeq
                0x08001100                __aeabi_cdcmple
                0x08001110                __aeabi_dcmpeq
                0x08001124                __aeabi_dcmplt
                0x08001138                __aeabi_dcmple
                0x0800114c                __aeabi_dcmpge
                0x08001160                __aeabi_dcmpgt
 .text          0x08001174       0x2c e:/gcc-arm-none-eabi-10-2020-q4-major/bin/../lib/gcc/arm-none-eabi/10.2.1/thumb/v7e-m+fp/hard\libgcc.a(_arm_unorddf2.o)
                0x08001174                __unorddf2
                0x08001174                __aeabi_dcmpun
 .text          0x080011a0       0x50 e:/gcc-arm-none-eabi-10-2020-q4-major/bin/../lib/gcc/arm-none-eabi/10.2.1/thumb/v7e-m+fp/hard\libgcc.a(_arm_fixdfsi.o)
                0x080011a0                __aeabi_d2iz
                0x080011a0                __fixdfsi
 *(.text*)
 .text.vApplicationGetIdleTaskMemory
                0x080011f0       0x18 CMakeFiles/UART_PWM.elf.dir/Core/Src/freertos.c.obj
                0x080011f0                vApplicationGetIdleTaskMemory
 .text.UARTTask
                0x08001208       0x88 CMakeFiles/UART_PWM.elf.dir/Core/Src/freertos.c.obj
                0x08001208                UARTTask
 .text.PWMTask  0x08001290       0x38 CMakeFiles/UART_PWM.elf.dir/Core/Src/freertos.c.obj
                0x08001290                PWMTask
 .text.KEYTask  0x080012c8       0x60 CMakeFiles/UART_PWM.elf.dir/Core/Src/freertos.c.obj
                0x080012c8                KEYTask
 .text.MX_GPIO_Init
                0x08001328       0xe0 CMakeFiles/UART_PWM.elf.dir/Core/Src/main.c.obj
 .text.MX_DMA_Init
                0x08001408       0x38 CMakeFiles/UART_PWM.elf.dir/Core/Src/main.c.obj
 .text.StartDefaultTask
                0x08001440       0x5c CMakeFiles/UART_PWM.elf.dir/Core/Src/main.c.obj
                0x08001440                StartDefaultTask
 .text.Error_Handler
                0x0800149c        0x4 CMakeFiles/UART_PWM.elf.dir/Core/Src/main.c.obj
                0x0800149c                Error_Handler
 .text.MX_USART1_UART_Init
                0x080014a0       0x60 CMakeFiles/UART_PWM.elf.dir/Core/Src/main.c.obj
 .text.MX_TIM1_Init
                0x08001500       0xc0 CMakeFiles/UART_PWM.elf.dir/Core/Src/main.c.obj
 .text.SystemClock_Config
                0x080015c0      0x114 CMakeFiles/UART_PWM.elf.dir/Core/Src/main.c.obj
                0x080015c0                SystemClock_Config
 .text.main     0x080016d4       0x4c CMakeFiles/UART_PWM.elf.dir/Core/Src/main.c.obj
                0x080016d4                main
 .text.HAL_MspInit
                0x08001720       0x34 CMakeFiles/UART_PWM.elf.dir/Core/Src/stm32h7xx_hal_msp.c.obj
                0x08001720                HAL_MspInit
 .text.HAL_TIM_PWM_MspInit
                0x08001754       0x34 CMakeFiles/UART_PWM.elf.dir/Core/Src/stm32h7xx_hal_msp.c.obj
                0x08001754                HAL_TIM_PWM_MspInit
 .text.HAL_TIM_MspPostInit
                0x08001788       0x5c CMakeFiles/UART_PWM.elf.dir/Core/Src/stm32h7xx_hal_msp.c.obj
                0x08001788                HAL_TIM_MspPostInit
 .text.HAL_UART_MspInit
                0x080017e4       0xd4 CMakeFiles/UART_PWM.elf.dir/Core/Src/stm32h7xx_hal_msp.c.obj
                0x080017e4                HAL_UART_MspInit
 .text.NMI_Handler
                0x080018b8        0x2 CMakeFiles/UART_PWM.elf.dir/Core/Src/stm32h7xx_it.c.obj
                0x080018b8                NMI_Handler
 .text.HardFault_Handler
                0x080018ba        0x2 CMakeFiles/UART_PWM.elf.dir/Core/Src/stm32h7xx_it.c.obj
                0x080018ba                HardFault_Handler
 .text.MemManage_Handler
                0x080018bc        0x2 CMakeFiles/UART_PWM.elf.dir/Core/Src/stm32h7xx_it.c.obj
                0x080018bc                MemManage_Handler
 .text.BusFault_Handler
                0x080018be        0x2 CMakeFiles/UART_PWM.elf.dir/Core/Src/stm32h7xx_it.c.obj
                0x080018be                BusFault_Handler
 .text.UsageFault_Handler
                0x080018c0        0x2 CMakeFiles/UART_PWM.elf.dir/Core/Src/stm32h7xx_it.c.obj
                0x080018c0                UsageFault_Handler
 .text.DebugMon_Handler
                0x080018c2        0x2 CMakeFiles/UART_PWM.elf.dir/Core/Src/stm32h7xx_it.c.obj
                0x080018c2                DebugMon_Handler
 .text.SysTick_Handler
                0x080018c4       0x16 CMakeFiles/UART_PWM.elf.dir/Core/Src/stm32h7xx_it.c.obj
                0x080018c4                SysTick_Handler
 *fill*         0x080018da        0x2 
 .text.DMA1_Stream0_IRQHandler
                0x080018dc       0x10 CMakeFiles/UART_PWM.elf.dir/Core/Src/stm32h7xx_it.c.obj
                0x080018dc                DMA1_Stream0_IRQHandler
 .text._getpid  0x080018ec        0x4 CMakeFiles/UART_PWM.elf.dir/Core/Src/syscalls.c.obj
                0x080018ec                _getpid
 .text._kill    0x080018f0       0x10 CMakeFiles/UART_PWM.elf.dir/Core/Src/syscalls.c.obj
                0x080018f0                _kill
 .text._exit    0x08001900        0xc CMakeFiles/UART_PWM.elf.dir/Core/Src/syscalls.c.obj
                0x08001900                _exit
 .text._read    0x0800190c       0x20 CMakeFiles/UART_PWM.elf.dir/Core/Src/syscalls.c.obj
                0x0800190c                _read
 .text._write   0x0800192c       0x1c CMakeFiles/UART_PWM.elf.dir/Core/Src/syscalls.c.obj
                0x0800192c                _write
 .text._close   0x08001948        0x6 CMakeFiles/UART_PWM.elf.dir/Core/Src/syscalls.c.obj
                0x08001948                _close
 .text._fstat   0x0800194e        0xa CMakeFiles/UART_PWM.elf.dir/Core/Src/syscalls.c.obj
                0x0800194e                _fstat
 .text._isatty  0x08001958        0x4 CMakeFiles/UART_PWM.elf.dir/Core/Src/syscalls.c.obj
                0x08001958                _isatty
 .text._lseek   0x0800195c        0x4 CMakeFiles/UART_PWM.elf.dir/Core/Src/syscalls.c.obj
                0x0800195c                _lseek
 .text._sbrk    0x08001960       0x48 CMakeFiles/UART_PWM.elf.dir/Core/Src/sysmem.c.obj
                0x08001960                _sbrk
 .text.SystemInit
                0x080019a8       0xcc CMakeFiles/UART_PWM.elf.dir/Core/Src/system_stm32h7xx.c.obj
                0x080019a8                SystemInit
 .text.Reset_Handler
                0x08001a74       0x50 CMakeFiles/UART_PWM.elf.dir/Core/Startup/startup_stm32h750vbtx.s.obj
                0x08001a74                Reset_Handler
 .text.Default_Handler
                0x08001ac4        0x2 CMakeFiles/UART_PWM.elf.dir/Core/Startup/startup_stm32h750vbtx.s.obj
                0x08001ac4                RTC_Alarm_IRQHandler
                0x08001ac4                HASH_RNG_IRQHandler
                0x08001ac4                EXTI2_IRQHandler
                0x08001ac4                TIM8_CC_IRQHandler
                0x08001ac4                HRTIM1_Master_IRQHandler
                0x08001ac4                UART8_IRQHandler
                0x08001ac4                SPI4_IRQHandler
                0x08001ac4                TIM1_CC_IRQHandler
                0x08001ac4                BDMA_Channel6_IRQHandler
                0x08001ac4                DMA2_Stream5_IRQHandler
                0x08001ac4                HRTIM1_FLT_IRQHandler
                0x08001ac4                JPEG_IRQHandler
                0x08001ac4                DMA1_Stream5_IRQHandler
                0x08001ac4                BDMA_Channel1_IRQHandler
                0x08001ac4                HRTIM1_TIMD_IRQHandler
                0x08001ac4                TAMP_STAMP_IRQHandler
                0x08001ac4                EXTI3_IRQHandler
                0x08001ac4                LPTIM4_IRQHandler
                0x08001ac4                TIM8_TRG_COM_TIM14_IRQHandler
                0x08001ac4                LPTIM2_IRQHandler
                0x08001ac4                DFSDM1_FLT1_IRQHandler
                0x08001ac4                DMAMUX2_OVR_IRQHandler
                0x08001ac4                TIM8_UP_TIM13_IRQHandler
                0x08001ac4                I2C3_ER_IRQHandler
                0x08001ac4                DFSDM1_FLT2_IRQHandler
                0x08001ac4                MDMA_IRQHandler
                0x08001ac4                LPTIM3_IRQHandler
                0x08001ac4                HSEM1_IRQHandler
                0x08001ac4                EXTI0_IRQHandler
                0x08001ac4                I2C2_EV_IRQHandler
                0x08001ac4                DMA1_Stream2_IRQHandler
                0x08001ac4                FPU_IRQHandler
                0x08001ac4                OTG_HS_WKUP_IRQHandler
                0x08001ac4                FDCAN1_IT1_IRQHandler
                0x08001ac4                LTDC_ER_IRQHandler
                0x08001ac4                DMA2_Stream2_IRQHandler
                0x08001ac4                HRTIM1_TIME_IRQHandler
                0x08001ac4                SPI1_IRQHandler
                0x08001ac4                TIM6_DAC_IRQHandler
                0x08001ac4                DCMI_IRQHandler
                0x08001ac4                HRTIM1_TIMC_IRQHandler
                0x08001ac4                DMA2_Stream3_IRQHandler
                0x08001ac4                SAI2_IRQHandler
                0x08001ac4                DFSDM1_FLT3_IRQHandler
                0x08001ac4                USART6_IRQHandler
                0x08001ac4                TIM17_IRQHandler
                0x08001ac4                USART3_IRQHandler
                0x08001ac4                BDMA_Channel7_IRQHandler
                0x08001ac4                CRYP_IRQHandler
                0x08001ac4                LPTIM5_IRQHandler
                0x08001ac4                UART5_IRQHandler
                0x08001ac4                ADC3_IRQHandler
                0x08001ac4                DMA2_Stream0_IRQHandler
                0x08001ac4                TIM4_IRQHandler
                0x08001ac4                BDMA_Channel2_IRQHandler
                0x08001ac4                QUADSPI_IRQHandler
                0x08001ac4                I2C1_EV_IRQHandler
                0x08001ac4                DMA1_Stream6_IRQHandler
                0x08001ac4                DMAMUX1_OVR_IRQHandler
                0x08001ac4                DMA1_Stream1_IRQHandler
                0x08001ac4                TIM16_IRQHandler
                0x08001ac4                UART4_IRQHandler
                0x08001ac4                BDMA_Channel5_IRQHandler
                0x08001ac4                TIM3_IRQHandler
                0x08001ac4                RCC_IRQHandler
                0x08001ac4                TIM8_BRK_TIM12_IRQHandler
                0x08001ac4                TIM1_TRG_COM_IRQHandler
                0x08001ac4                Default_Handler
                0x08001ac4                ECC_IRQHandler
                0x08001ac4                CEC_IRQHandler
                0x08001ac4                EXTI15_10_IRQHandler
                0x08001ac4                BDMA_Channel0_IRQHandler
                0x08001ac4                ADC_IRQHandler
                0x08001ac4                DMA1_Stream7_IRQHandler
                0x08001ac4                HRTIM1_TIMA_IRQHandler
                0x08001ac4                SPI5_IRQHandler
                0x08001ac4                TIM7_IRQHandler
                0x08001ac4                SDMMC1_IRQHandler
                0x08001ac4                TIM5_IRQHandler
                0x08001ac4                DMA2_Stream7_IRQHandler
                0x08001ac4                TIM15_IRQHandler
                0x08001ac4                PVD_AVD_IRQHandler
                0x08001ac4                I2C3_EV_IRQHandler
                0x08001ac4                EXTI9_5_IRQHandler
                0x08001ac4                RTC_WKUP_IRQHandler
                0x08001ac4                LTDC_IRQHandler
                0x08001ac4                SAI3_IRQHandler
                0x08001ac4                ETH_WKUP_IRQHandler
                0x08001ac4                SPDIF_RX_IRQHandler
                0x08001ac4                SPI2_IRQHandler
                0x08001ac4                OTG_HS_EP1_IN_IRQHandler
                0x08001ac4                CRS_IRQHandler
                0x08001ac4                EXTI4_IRQHandler
                0x08001ac4                HRTIM1_TIMB_IRQHandler
                0x08001ac4                FDCAN2_IT1_IRQHandler
                0x08001ac4                ETH_IRQHandler
                0x08001ac4                TIM1_UP_IRQHandler
                0x08001ac4                BDMA_Channel4_IRQHandler
                0x08001ac4                OTG_HS_EP1_OUT_IRQHandler
                0x08001ac4                WWDG_IRQHandler
                0x08001ac4                SPI6_IRQHandler
                0x08001ac4                MDIOS_IRQHandler
                0x08001ac4                I2C4_EV_IRQHandler
                0x08001ac4                FDCAN2_IT0_IRQHandler
                0x08001ac4                LPUART1_IRQHandler
                0x08001ac4                FDCAN1_IT0_IRQHandler
                0x08001ac4                TIM2_IRQHandler
                0x08001ac4                OTG_FS_WKUP_IRQHandler
                0x08001ac4                OTG_HS_IRQHandler
                0x08001ac4                DMA2D_IRQHandler
                0x08001ac4                TIM1_BRK_IRQHandler
                0x08001ac4                EXTI1_IRQHandler
                0x08001ac4                SDMMC2_IRQHandler
                0x08001ac4                OTG_FS_EP1_OUT_IRQHandler
                0x08001ac4                BDMA_Channel3_IRQHandler
                0x08001ac4                UART7_IRQHandler
                0x08001ac4                MDIOS_WKUP_IRQHandler
                0x08001ac4                USART2_IRQHandler
                0x08001ac4                DFSDM1_FLT0_IRQHandler
                0x08001ac4                SAI4_IRQHandler
                0x08001ac4                I2C2_ER_IRQHandler
                0x08001ac4                DMA2_Stream1_IRQHandler
                0x08001ac4                FLASH_IRQHandler
                0x08001ac4                DMA2_Stream4_IRQHandler
                0x08001ac4                USART1_IRQHandler
                0x08001ac4                OTG_FS_IRQHandler
                0x08001ac4                SPI3_IRQHandler
                0x08001ac4                WAKEUP_PIN_IRQHandler
                0x08001ac4                DMA1_Stream4_IRQHandler
                0x08001ac4                OTG_FS_EP1_IN_IRQHandler
                0x08001ac4                I2C1_ER_IRQHandler
                0x08001ac4                FMC_IRQHandler
                0x08001ac4                FDCAN_CAL_IRQHandler
                0x08001ac4                SWPMI1_IRQHandler
                0x08001ac4                COMP1_IRQHandler
                0x08001ac4                LPTIM1_IRQHandler
                0x08001ac4                I2C4_ER_IRQHandler
                0x08001ac4                DMA2_Stream6_IRQHandler
                0x08001ac4                SAI1_IRQHandler
                0x08001ac4                DMA1_Stream3_IRQHandler
 *fill*         0x08001ac6        0x2 
 .text.HAL_InitTick
                0x08001ac8       0x50 CMakeFiles/UART_PWM.elf.dir/Drivers/STM32H7xx_HAL_Driver/Src/stm32h7xx_hal.c.obj
                0x08001ac8                HAL_InitTick
 .text.HAL_Init
                0x08001b18       0x5c CMakeFiles/UART_PWM.elf.dir/Drivers/STM32H7xx_HAL_Driver/Src/stm32h7xx_hal.c.obj
                0x08001b18                HAL_Init
 .text.HAL_IncTick
                0x08001b74       0x18 CMakeFiles/UART_PWM.elf.dir/Drivers/STM32H7xx_HAL_Driver/Src/stm32h7xx_hal.c.obj
                0x08001b74                HAL_IncTick
 .text.HAL_GetTick
                0x08001b8c        0xc CMakeFiles/UART_PWM.elf.dir/Drivers/STM32H7xx_HAL_Driver/Src/stm32h7xx_hal.c.obj
                0x08001b8c                HAL_GetTick
 .text.HAL_GetREVID
                0x08001b98        0xc CMakeFiles/UART_PWM.elf.dir/Drivers/STM32H7xx_HAL_Driver/Src/stm32h7xx_hal.c.obj
                0x08001b98                HAL_GetREVID
 .text.HAL_NVIC_SetPriorityGrouping
                0x08001ba4       0x24 CMakeFiles/UART_PWM.elf.dir/Drivers/STM32H7xx_HAL_Driver/Src/stm32h7xx_hal_cortex.c.obj
                0x08001ba4                HAL_NVIC_SetPriorityGrouping
 .text.HAL_NVIC_SetPriority
                0x08001bc8       0x6c CMakeFiles/UART_PWM.elf.dir/Drivers/STM32H7xx_HAL_Driver/Src/stm32h7xx_hal_cortex.c.obj
                0x08001bc8                HAL_NVIC_SetPriority
 .text.HAL_NVIC_EnableIRQ
                0x08001c34       0x1c CMakeFiles/UART_PWM.elf.dir/Drivers/STM32H7xx_HAL_Driver/Src/stm32h7xx_hal_cortex.c.obj
                0x08001c34                HAL_NVIC_EnableIRQ
 .text.HAL_SYSTICK_Config
                0x08001c50       0x28 CMakeFiles/UART_PWM.elf.dir/Drivers/STM32H7xx_HAL_Driver/Src/stm32h7xx_hal_cortex.c.obj
                0x08001c50                HAL_SYSTICK_Config
 .text.DMA_SetConfig
                0x08001c78      0x1b4 CMakeFiles/UART_PWM.elf.dir/Drivers/STM32H7xx_HAL_Driver/Src/stm32h7xx_hal_dma.c.obj
 .text.DMA_CalcBaseAndBitshift
                0x08001e2c       0xb4 CMakeFiles/UART_PWM.elf.dir/Drivers/STM32H7xx_HAL_Driver/Src/stm32h7xx_hal_dma.c.obj
 .text.DMA_CheckFifoParam
                0x08001ee0       0x92 CMakeFiles/UART_PWM.elf.dir/Drivers/STM32H7xx_HAL_Driver/Src/stm32h7xx_hal_dma.c.obj
 *fill*         0x08001f72        0x2 
 .text.DMA_CalcDMAMUXChannelBaseAndMask
                0x08001f74       0xb0 CMakeFiles/UART_PWM.elf.dir/Drivers/STM32H7xx_HAL_Driver/Src/stm32h7xx_hal_dma.c.obj
 .text.DMA_CalcDMAMUXRequestGenBaseAndMask
                0x08002024       0x7c CMakeFiles/UART_PWM.elf.dir/Drivers/STM32H7xx_HAL_Driver/Src/stm32h7xx_hal_dma.c.obj
 .text.HAL_DMA_Init
                0x080020a0      0x3a4 CMakeFiles/UART_PWM.elf.dir/Drivers/STM32H7xx_HAL_Driver/Src/stm32h7xx_hal_dma.c.obj
                0x080020a0                HAL_DMA_Init
 .text.HAL_DMA_Start_IT
                0x08002444      0x298 CMakeFiles/UART_PWM.elf.dir/Drivers/STM32H7xx_HAL_Driver/Src/stm32h7xx_hal_dma.c.obj
                0x08002444                HAL_DMA_Start_IT
 .text.HAL_DMA_Abort
                0x080026dc      0x340 CMakeFiles/UART_PWM.elf.dir/Drivers/STM32H7xx_HAL_Driver/Src/stm32h7xx_hal_dma.c.obj
                0x080026dc                HAL_DMA_Abort
 .text.HAL_DMA_IRQHandler
                0x08002a1c      0x738 CMakeFiles/UART_PWM.elf.dir/Drivers/STM32H7xx_HAL_Driver/Src/stm32h7xx_hal_dma.c.obj
                0x08002a1c                HAL_DMA_IRQHandler
 .text.HAL_DMA_GetError
                0x08003154        0x4 CMakeFiles/UART_PWM.elf.dir/Drivers/STM32H7xx_HAL_Driver/Src/stm32h7xx_hal_dma.c.obj
                0x08003154                HAL_DMA_GetError
 .text.HAL_GPIO_Init
                0x08003158      0x220 CMakeFiles/UART_PWM.elf.dir/Drivers/STM32H7xx_HAL_Driver/Src/stm32h7xx_hal_gpio.c.obj
                0x08003158                HAL_GPIO_Init
 .text.HAL_GPIO_ReadPin
                0x08003378        0xe CMakeFiles/UART_PWM.elf.dir/Drivers/STM32H7xx_HAL_Driver/Src/stm32h7xx_hal_gpio.c.obj
                0x08003378                HAL_GPIO_ReadPin
 .text.HAL_GPIO_WritePin
                0x08003386        0xc CMakeFiles/UART_PWM.elf.dir/Drivers/STM32H7xx_HAL_Driver/Src/stm32h7xx_hal_gpio.c.obj
                0x08003386                HAL_GPIO_WritePin
 *fill*         0x08003392        0x2 
 .text.HAL_PWREx_ConfigSupply
                0x08003394       0x54 CMakeFiles/UART_PWM.elf.dir/Drivers/STM32H7xx_HAL_Driver/Src/stm32h7xx_hal_pwr_ex.c.obj
                0x08003394                HAL_PWREx_ConfigSupply
 .text.HAL_RCC_OscConfig
                0x080033e8      0x6b4 CMakeFiles/UART_PWM.elf.dir/Drivers/STM32H7xx_HAL_Driver/Src/stm32h7xx_hal_rcc.c.obj
                0x080033e8                HAL_RCC_OscConfig
 .text.HAL_RCC_GetSysClockFreq
                0x08003a9c      0x1f4 CMakeFiles/UART_PWM.elf.dir/Drivers/STM32H7xx_HAL_Driver/Src/stm32h7xx_hal_rcc.c.obj
                0x08003a9c                HAL_RCC_GetSysClockFreq
 .text.HAL_RCC_ClockConfig
                0x08003c90      0x294 CMakeFiles/UART_PWM.elf.dir/Drivers/STM32H7xx_HAL_Driver/Src/stm32h7xx_hal_rcc.c.obj
                0x08003c90                HAL_RCC_ClockConfig
 .text.HAL_RCC_GetHCLKFreq
                0x08003f24       0x44 CMakeFiles/UART_PWM.elf.dir/Drivers/STM32H7xx_HAL_Driver/Src/stm32h7xx_hal_rcc.c.obj
                0x08003f24                HAL_RCC_GetHCLKFreq
 .text.HAL_RCC_GetPCLK1Freq
                0x08003f68       0x24 CMakeFiles/UART_PWM.elf.dir/Drivers/STM32H7xx_HAL_Driver/Src/stm32h7xx_hal_rcc.c.obj
                0x08003f68                HAL_RCC_GetPCLK1Freq
 .text.HAL_RCC_GetPCLK2Freq
                0x08003f8c       0x24 CMakeFiles/UART_PWM.elf.dir/Drivers/STM32H7xx_HAL_Driver/Src/stm32h7xx_hal_rcc.c.obj
                0x08003f8c                HAL_RCC_GetPCLK2Freq
 .text.RCCEx_PLL2_Config
                0x08003fb0      0x10c CMakeFiles/UART_PWM.elf.dir/Drivers/STM32H7xx_HAL_Driver/Src/stm32h7xx_hal_rcc_ex.c.obj
 .text.RCCEx_PLL3_Config
                0x080040bc      0x10c CMakeFiles/UART_PWM.elf.dir/Drivers/STM32H7xx_HAL_Driver/Src/stm32h7xx_hal_rcc_ex.c.obj
 .text.HAL_RCCEx_PeriphCLKConfig
                0x080041c8      0xa8c CMakeFiles/UART_PWM.elf.dir/Drivers/STM32H7xx_HAL_Driver/Src/stm32h7xx_hal_rcc_ex.c.obj
                0x080041c8                HAL_RCCEx_PeriphCLKConfig
 .text.HAL_RCCEx_GetD3PCLK1Freq
                0x08004c54       0x24 CMakeFiles/UART_PWM.elf.dir/Drivers/STM32H7xx_HAL_Driver/Src/stm32h7xx_hal_rcc_ex.c.obj
                0x08004c54                HAL_RCCEx_GetD3PCLK1Freq
 .text.HAL_RCCEx_GetPLL2ClockFreq
                0x08004c78      0x1f8 CMakeFiles/UART_PWM.elf.dir/Drivers/STM32H7xx_HAL_Driver/Src/stm32h7xx_hal_rcc_ex.c.obj
                0x08004c78                HAL_RCCEx_GetPLL2ClockFreq
 .text.HAL_RCCEx_GetPLL3ClockFreq
                0x08004e70      0x1f8 CMakeFiles/UART_PWM.elf.dir/Drivers/STM32H7xx_HAL_Driver/Src/stm32h7xx_hal_rcc_ex.c.obj
                0x08004e70                HAL_RCCEx_GetPLL3ClockFreq
 .text.TIM_OC1_SetConfig
                0x08005068       0xa8 CMakeFiles/UART_PWM.elf.dir/Drivers/STM32H7xx_HAL_Driver/Src/stm32h7xx_hal_tim.c.obj
 .text.TIM_OC3_SetConfig
                0x08005110       0x94 CMakeFiles/UART_PWM.elf.dir/Drivers/STM32H7xx_HAL_Driver/Src/stm32h7xx_hal_tim.c.obj
 .text.TIM_OC4_SetConfig
                0x080051a4       0x74 CMakeFiles/UART_PWM.elf.dir/Drivers/STM32H7xx_HAL_Driver/Src/stm32h7xx_hal_tim.c.obj
 .text.TIM_OC5_SetConfig
                0x08005218       0x74 CMakeFiles/UART_PWM.elf.dir/Drivers/STM32H7xx_HAL_Driver/Src/stm32h7xx_hal_tim.c.obj
 .text.TIM_OC6_SetConfig
                0x0800528c       0x74 CMakeFiles/UART_PWM.elf.dir/Drivers/STM32H7xx_HAL_Driver/Src/stm32h7xx_hal_tim.c.obj
 .text.TIM_Base_SetConfig
                0x08005300      0x104 CMakeFiles/UART_PWM.elf.dir/Drivers/STM32H7xx_HAL_Driver/Src/stm32h7xx_hal_tim.c.obj
                0x08005300                TIM_Base_SetConfig
 .text.HAL_TIM_PWM_Init
                0x08005404       0x60 CMakeFiles/UART_PWM.elf.dir/Drivers/STM32H7xx_HAL_Driver/Src/stm32h7xx_hal_tim.c.obj
                0x08005404                HAL_TIM_PWM_Init
 .text.TIM_OC2_SetConfig
                0x08005464       0x94 CMakeFiles/UART_PWM.elf.dir/Drivers/STM32H7xx_HAL_Driver/Src/stm32h7xx_hal_tim.c.obj
                0x08005464                TIM_OC2_SetConfig
 .text.HAL_TIM_PWM_ConfigChannel
                0x080054f8      0x13a CMakeFiles/UART_PWM.elf.dir/Drivers/STM32H7xx_HAL_Driver/Src/stm32h7xx_hal_tim.c.obj
                0x080054f8                HAL_TIM_PWM_ConfigChannel
 .text.TIM_CCxChannelCmd
                0x08005632       0x1e CMakeFiles/UART_PWM.elf.dir/Drivers/STM32H7xx_HAL_Driver/Src/stm32h7xx_hal_tim.c.obj
                0x08005632                TIM_CCxChannelCmd
 .text.HAL_TIM_PWM_Start
                0x08005650      0x168 CMakeFiles/UART_PWM.elf.dir/Drivers/STM32H7xx_HAL_Driver/Src/stm32h7xx_hal_tim.c.obj
                0x08005650                HAL_TIM_PWM_Start
 .text.HAL_TIMEx_MasterConfigSynchronization
                0x080057b8       0xa0 CMakeFiles/UART_PWM.elf.dir/Drivers/STM32H7xx_HAL_Driver/Src/stm32h7xx_hal_tim_ex.c.obj
                0x080057b8                HAL_TIMEx_MasterConfigSynchronization
 .text.HAL_TIMEx_ConfigBreakDeadTime
                0x08005858       0x90 CMakeFiles/UART_PWM.elf.dir/Drivers/STM32H7xx_HAL_Driver/Src/stm32h7xx_hal_tim_ex.c.obj
                0x08005858                HAL_TIMEx_ConfigBreakDeadTime
 .text.UART_EndTxTransfer
                0x080058e8       0x32 CMakeFiles/UART_PWM.elf.dir/Drivers/STM32H7xx_HAL_Driver/Src/stm32h7xx_hal_uart.c.obj
 *fill*         0x0800591a        0x2 
 .text.UART_EndRxTransfer
                0x0800591c       0x58 CMakeFiles/UART_PWM.elf.dir/Drivers/STM32H7xx_HAL_Driver/Src/stm32h7xx_hal_uart.c.obj
 .text.HAL_UART_DMAStop
                0x08005974       0xb2 CMakeFiles/UART_PWM.elf.dir/Drivers/STM32H7xx_HAL_Driver/Src/stm32h7xx_hal_uart.c.obj
                0x08005974                HAL_UART_DMAStop
 .text.HAL_UART_RxCpltCallback
                0x08005a26        0x2 CMakeFiles/UART_PWM.elf.dir/Drivers/STM32H7xx_HAL_Driver/Src/stm32h7xx_hal_uart.c.obj
                0x08005a26                HAL_UART_RxCpltCallback
 .text.HAL_UART_RxHalfCpltCallback
                0x08005a28        0x2 CMakeFiles/UART_PWM.elf.dir/Drivers/STM32H7xx_HAL_Driver/Src/stm32h7xx_hal_uart.c.obj
                0x08005a28                HAL_UART_RxHalfCpltCallback
 .text.HAL_UART_ErrorCallback
                0x08005a2a        0x2 CMakeFiles/UART_PWM.elf.dir/Drivers/STM32H7xx_HAL_Driver/Src/stm32h7xx_hal_uart.c.obj
                0x08005a2a                HAL_UART_ErrorCallback
 .text.UART_DMAError
                0x08005a2c       0x58 CMakeFiles/UART_PWM.elf.dir/Drivers/STM32H7xx_HAL_Driver/Src/stm32h7xx_hal_uart.c.obj
 .text.HAL_UARTEx_RxEventCallback
                0x08005a84        0x2 CMakeFiles/UART_PWM.elf.dir/Drivers/STM32H7xx_HAL_Driver/Src/stm32h7xx_hal_uart.c.obj
                0x08005a84                HAL_UARTEx_RxEventCallback
 .text.UART_DMARxHalfCplt
                0x08005a86       0x20 CMakeFiles/UART_PWM.elf.dir/Drivers/STM32H7xx_HAL_Driver/Src/stm32h7xx_hal_uart.c.obj
 .text.UART_DMAReceiveCplt
                0x08005aa6       0x90 CMakeFiles/UART_PWM.elf.dir/Drivers/STM32H7xx_HAL_Driver/Src/stm32h7xx_hal_uart.c.obj
 *fill*         0x08005b36        0x2 
 .text.UART_SetConfig
                0x08005b38      0x5f4 CMakeFiles/UART_PWM.elf.dir/Drivers/STM32H7xx_HAL_Driver/Src/stm32h7xx_hal_uart.c.obj
                0x08005b38                UART_SetConfig
 .text.UART_AdvFeatureConfig
                0x0800612c       0xca CMakeFiles/UART_PWM.elf.dir/Drivers/STM32H7xx_HAL_Driver/Src/stm32h7xx_hal_uart.c.obj
                0x0800612c                UART_AdvFeatureConfig
 .text.UART_WaitOnFlagUntilTimeout
                0x080061f6       0x9a CMakeFiles/UART_PWM.elf.dir/Drivers/STM32H7xx_HAL_Driver/Src/stm32h7xx_hal_uart.c.obj
                0x080061f6                UART_WaitOnFlagUntilTimeout
 .text.HAL_UART_Transmit
                0x08006290       0xd0 CMakeFiles/UART_PWM.elf.dir/Drivers/STM32H7xx_HAL_Driver/Src/stm32h7xx_hal_uart.c.obj
                0x08006290                HAL_UART_Transmit
 .text.UART_CheckIdleState
                0x08006360       0xca CMakeFiles/UART_PWM.elf.dir/Drivers/STM32H7xx_HAL_Driver/Src/stm32h7xx_hal_uart.c.obj
                0x08006360                UART_CheckIdleState
 .text.HAL_UART_Init
                0x0800642a       0x66 CMakeFiles/UART_PWM.elf.dir/Drivers/STM32H7xx_HAL_Driver/Src/stm32h7xx_hal_uart.c.obj
                0x0800642a                HAL_UART_Init
 .text.UART_Start_Receive_DMA
                0x08006490       0xb0 CMakeFiles/UART_PWM.elf.dir/Drivers/STM32H7xx_HAL_Driver/Src/stm32h7xx_hal_uart.c.obj
                0x08006490                UART_Start_Receive_DMA
 .text.HAL_UART_Receive_DMA
                0x08006540       0x4c CMakeFiles/UART_PWM.elf.dir/Drivers/STM32H7xx_HAL_Driver/Src/stm32h7xx_hal_uart.c.obj
                0x08006540                HAL_UART_Receive_DMA
 .text.UARTEx_SetNbDataToProcess
                0x0800658c       0x4c CMakeFiles/UART_PWM.elf.dir/Drivers/STM32H7xx_HAL_Driver/Src/stm32h7xx_hal_uart_ex.c.obj
 .text.HAL_UARTEx_DisableFifoMode
                0x080065d8       0x3e CMakeFiles/UART_PWM.elf.dir/Drivers/STM32H7xx_HAL_Driver/Src/stm32h7xx_hal_uart_ex.c.obj
                0x080065d8                HAL_UARTEx_DisableFifoMode
 .text.HAL_UARTEx_SetTxFifoThreshold
                0x08006616       0x4a CMakeFiles/UART_PWM.elf.dir/Drivers/STM32H7xx_HAL_Driver/Src/stm32h7xx_hal_uart_ex.c.obj
                0x08006616                HAL_UARTEx_SetTxFifoThreshold
 .text.HAL_UARTEx_SetRxFifoThreshold
                0x08006660       0x4a CMakeFiles/UART_PWM.elf.dir/Drivers/STM32H7xx_HAL_Driver/Src/stm32h7xx_hal_uart_ex.c.obj
                0x08006660                HAL_UARTEx_SetRxFifoThreshold
 .text.makeFreeRtosPriority
                0x080066aa        0xc CMakeFiles/UART_PWM.elf.dir/Middlewares/Third_Party/FreeRTOS/Source/CMSIS_RTOS/cmsis_os.c.obj
 .text.inHandlerMode
                0x080066b6        0xc CMakeFiles/UART_PWM.elf.dir/Middlewares/Third_Party/FreeRTOS/Source/CMSIS_RTOS/cmsis_os.c.obj
 .text.osKernelStart
                0x080066c2        0xa CMakeFiles/UART_PWM.elf.dir/Middlewares/Third_Party/FreeRTOS/Source/CMSIS_RTOS/cmsis_os.c.obj
                0x080066c2                osKernelStart
 .text.osThreadCreate
                0x080066cc       0x6a CMakeFiles/UART_PWM.elf.dir/Middlewares/Third_Party/FreeRTOS/Source/CMSIS_RTOS/cmsis_os.c.obj
                0x080066cc                osThreadCreate
 .text.osDelay  0x08006736        0xe CMakeFiles/UART_PWM.elf.dir/Middlewares/Third_Party/FreeRTOS/Source/CMSIS_RTOS/cmsis_os.c.obj
                0x08006736                osDelay
 .text.osMutexCreate
                0x08006744       0x16 CMakeFiles/UART_PWM.elf.dir/Middlewares/Third_Party/FreeRTOS/Source/CMSIS_RTOS/cmsis_os.c.obj
                0x08006744                osMutexCreate
 .text.osMutexWait
                0x0800675a       0x60 CMakeFiles/UART_PWM.elf.dir/Middlewares/Third_Party/FreeRTOS/Source/CMSIS_RTOS/cmsis_os.c.obj
                0x0800675a                osMutexWait
 .text.osMutexRelease
                0x080067ba       0x5a CMakeFiles/UART_PWM.elf.dir/Middlewares/Third_Party/FreeRTOS/Source/CMSIS_RTOS/cmsis_os.c.obj
                0x080067ba                osMutexRelease
 .text.vListInitialise
                0x08006814       0x16 CMakeFiles/UART_PWM.elf.dir/Middlewares/Third_Party/FreeRTOS/Source/list.c.obj
                0x08006814                vListInitialise
 .text.vListInitialiseItem
                0x0800682a        0x6 CMakeFiles/UART_PWM.elf.dir/Middlewares/Third_Party/FreeRTOS/Source/list.c.obj
                0x0800682a                vListInitialiseItem
 .text.vListInsertEnd
                0x08006830       0x16 CMakeFiles/UART_PWM.elf.dir/Middlewares/Third_Party/FreeRTOS/Source/list.c.obj
                0x08006830                vListInsertEnd
 .text.vListInsert
                0x08006846       0x32 CMakeFiles/UART_PWM.elf.dir/Middlewares/Third_Party/FreeRTOS/Source/list.c.obj
                0x08006846                vListInsert
 .text.uxListRemove
                0x08006878       0x26 CMakeFiles/UART_PWM.elf.dir/Middlewares/Third_Party/FreeRTOS/Source/list.c.obj
                0x08006878                uxListRemove
 *fill*         0x0800689e        0x2 
 .text.prvTaskExitError
                0x080068a0       0x40 CMakeFiles/UART_PWM.elf.dir/Middlewares/Third_Party/FreeRTOS/Source/portable/GCC/ARM_CM4F/port.c.obj
 .text.prvPortStartFirstTask
                0x080068e0       0x28 CMakeFiles/UART_PWM.elf.dir/Middlewares/Third_Party/FreeRTOS/Source/portable/GCC/ARM_CM4F/port.c.obj
 .text.vPortEnableVFP
                0x08006908       0x14 CMakeFiles/UART_PWM.elf.dir/Middlewares/Third_Party/FreeRTOS/Source/portable/GCC/ARM_CM4F/port.c.obj
 .text.pxPortInitialiseStack
                0x0800691c       0x2c CMakeFiles/UART_PWM.elf.dir/Middlewares/Third_Party/FreeRTOS/Source/portable/GCC/ARM_CM4F/port.c.obj
                0x0800691c                pxPortInitialiseStack
 *fill*         0x08006948        0x8 
 .text.SVC_Handler
                0x08006950       0x24 CMakeFiles/UART_PWM.elf.dir/Middlewares/Third_Party/FreeRTOS/Source/portable/GCC/ARM_CM4F/port.c.obj
                0x08006950                SVC_Handler
 .text.vPortEnterCritical
                0x08006974       0x44 CMakeFiles/UART_PWM.elf.dir/Middlewares/Third_Party/FreeRTOS/Source/portable/GCC/ARM_CM4F/port.c.obj
                0x08006974                vPortEnterCritical
 .text.vPortExitCritical
                0x080069b8       0x2c CMakeFiles/UART_PWM.elf.dir/Middlewares/Third_Party/FreeRTOS/Source/portable/GCC/ARM_CM4F/port.c.obj
                0x080069b8                vPortExitCritical
 *fill*         0x080069e4        0xc 
 .text.PendSV_Handler
                0x080069f0       0x64 CMakeFiles/UART_PWM.elf.dir/Middlewares/Third_Party/FreeRTOS/Source/portable/GCC/ARM_CM4F/port.c.obj
                0x080069f0                PendSV_Handler
 .text.xPortSysTickHandler
                0x08006a54       0x2c CMakeFiles/UART_PWM.elf.dir/Middlewares/Third_Party/FreeRTOS/Source/portable/GCC/ARM_CM4F/port.c.obj
                0x08006a54                xPortSysTickHandler
 .text.vPortSetupTimerInterrupt
                0x08006a80       0x28 CMakeFiles/UART_PWM.elf.dir/Middlewares/Third_Party/FreeRTOS/Source/portable/GCC/ARM_CM4F/port.c.obj
                0x08006a80                vPortSetupTimerInterrupt
 .text.xPortStartScheduler
                0x08006aa8      0x118 CMakeFiles/UART_PWM.elf.dir/Middlewares/Third_Party/FreeRTOS/Source/portable/GCC/ARM_CM4F/port.c.obj
                0x08006aa8                xPortStartScheduler
 .text.vPortValidateInterruptPriority
                0x08006bc0       0x5c CMakeFiles/UART_PWM.elf.dir/Middlewares/Third_Party/FreeRTOS/Source/portable/GCC/ARM_CM4F/port.c.obj
                0x08006bc0                vPortValidateInterruptPriority
 .text.prvHeapInit
                0x08006c1c       0x64 CMakeFiles/UART_PWM.elf.dir/Middlewares/Third_Party/FreeRTOS/Source/portable/MemMang/heap_4.c.obj
 .text.prvInsertBlockIntoFreeList
                0x08006c80       0x64 CMakeFiles/UART_PWM.elf.dir/Middlewares/Third_Party/FreeRTOS/Source/portable/MemMang/heap_4.c.obj
 .text.pvPortMalloc
                0x08006ce4       0xfc CMakeFiles/UART_PWM.elf.dir/Middlewares/Third_Party/FreeRTOS/Source/portable/MemMang/heap_4.c.obj
                0x08006ce4                pvPortMalloc
 .text.vPortFree
                0x08006de0       0x7c CMakeFiles/UART_PWM.elf.dir/Middlewares/Third_Party/FreeRTOS/Source/portable/MemMang/heap_4.c.obj
                0x08006de0                vPortFree
 .text.prvGetDisinheritPriorityAfterTimeout
                0x08006e5c       0x10 CMakeFiles/UART_PWM.elf.dir/Middlewares/Third_Party/FreeRTOS/Source/queue.c.obj
 .text.prvIsQueueFull
                0x08006e6c       0x1e CMakeFiles/UART_PWM.elf.dir/Middlewares/Third_Party/FreeRTOS/Source/queue.c.obj
 .text.prvIsQueueEmpty
                0x08006e8a       0x1a CMakeFiles/UART_PWM.elf.dir/Middlewares/Third_Party/FreeRTOS/Source/queue.c.obj
 .text.prvCopyDataToQueue
                0x08006ea4       0x76 CMakeFiles/UART_PWM.elf.dir/Middlewares/Third_Party/FreeRTOS/Source/queue.c.obj
 .text.prvCopyDataFromQueue
                0x08006f1a       0x24 CMakeFiles/UART_PWM.elf.dir/Middlewares/Third_Party/FreeRTOS/Source/queue.c.obj
 .text.prvUnlockQueue
                0x08006f3e       0x6e CMakeFiles/UART_PWM.elf.dir/Middlewares/Third_Party/FreeRTOS/Source/queue.c.obj
 .text.xQueueGenericReset
                0x08006fac       0x84 CMakeFiles/UART_PWM.elf.dir/Middlewares/Third_Party/FreeRTOS/Source/queue.c.obj
                0x08006fac                xQueueGenericReset
 .text.prvInitialiseNewQueue
                0x08007030       0x1c CMakeFiles/UART_PWM.elf.dir/Middlewares/Third_Party/FreeRTOS/Source/queue.c.obj
 .text.xQueueGenericCreateStatic
                0x0800704c       0xa6 CMakeFiles/UART_PWM.elf.dir/Middlewares/Third_Party/FreeRTOS/Source/queue.c.obj
                0x0800704c                xQueueGenericCreateStatic
 .text.xQueueGenericCreate
                0x080070f2       0x48 CMakeFiles/UART_PWM.elf.dir/Middlewares/Third_Party/FreeRTOS/Source/queue.c.obj
                0x080070f2                xQueueGenericCreate
 .text.xQueueGenericSend
                0x0800713a      0x188 CMakeFiles/UART_PWM.elf.dir/Middlewares/Third_Party/FreeRTOS/Source/queue.c.obj
                0x0800713a                xQueueGenericSend
 .text.prvInitialiseMutex
                0x080072c2       0x18 CMakeFiles/UART_PWM.elf.dir/Middlewares/Third_Party/FreeRTOS/Source/queue.c.obj
 .text.xQueueCreateMutex
                0x080072da       0x16 CMakeFiles/UART_PWM.elf.dir/Middlewares/Third_Party/FreeRTOS/Source/queue.c.obj
                0x080072da                xQueueCreateMutex
 .text.xQueueCreateMutexStatic
                0x080072f0       0x1e CMakeFiles/UART_PWM.elf.dir/Middlewares/Third_Party/FreeRTOS/Source/queue.c.obj
                0x080072f0                xQueueCreateMutexStatic
 .text.xQueueGiveFromISR
                0x0800730e       0xb2 CMakeFiles/UART_PWM.elf.dir/Middlewares/Third_Party/FreeRTOS/Source/queue.c.obj
                0x0800730e                xQueueGiveFromISR
 .text.xQueueSemaphoreTake
                0x080073c0      0x1a6 CMakeFiles/UART_PWM.elf.dir/Middlewares/Third_Party/FreeRTOS/Source/queue.c.obj
                0x080073c0                xQueueSemaphoreTake
 .text.xQueueReceiveFromISR
                0x08007566       0xa8 CMakeFiles/UART_PWM.elf.dir/Middlewares/Third_Party/FreeRTOS/Source/queue.c.obj
                0x08007566                xQueueReceiveFromISR
 *fill*         0x0800760e        0x2 
 .text.prvResetNextTaskUnblockTime
                0x08007610       0x2c CMakeFiles/UART_PWM.elf.dir/Middlewares/Third_Party/FreeRTOS/Source/tasks.c.obj
 .text.prvInitialiseNewTask
                0x0800763c       0xa2 CMakeFiles/UART_PWM.elf.dir/Middlewares/Third_Party/FreeRTOS/Source/tasks.c.obj
 *fill*         0x080076de        0x2 
 .text.prvInitialiseTaskLists
                0x080076e0       0x68 CMakeFiles/UART_PWM.elf.dir/Middlewares/Third_Party/FreeRTOS/Source/tasks.c.obj
 .text.prvAddNewTaskToReadyList
                0x08007748       0xa8 CMakeFiles/UART_PWM.elf.dir/Middlewares/Third_Party/FreeRTOS/Source/tasks.c.obj
 .text.prvDeleteTCB
                0x080077f0       0x38 CMakeFiles/UART_PWM.elf.dir/Middlewares/Third_Party/FreeRTOS/Source/tasks.c.obj
 .text.prvCheckTasksWaitingTermination
                0x08007828       0x4c CMakeFiles/UART_PWM.elf.dir/Middlewares/Third_Party/FreeRTOS/Source/tasks.c.obj
 .text.prvIdleTask
                0x08007874       0x28 CMakeFiles/UART_PWM.elf.dir/Middlewares/Third_Party/FreeRTOS/Source/tasks.c.obj
 .text.prvAddCurrentTaskToDelayedList
                0x0800789c       0xa0 CMakeFiles/UART_PWM.elf.dir/Middlewares/Third_Party/FreeRTOS/Source/tasks.c.obj
 .text.xTaskCreateStatic
                0x0800793c       0x76 CMakeFiles/UART_PWM.elf.dir/Middlewares/Third_Party/FreeRTOS/Source/tasks.c.obj
                0x0800793c                xTaskCreateStatic
 .text.xTaskCreate
                0x080079b2       0x68 CMakeFiles/UART_PWM.elf.dir/Middlewares/Third_Party/FreeRTOS/Source/tasks.c.obj
                0x080079b2                xTaskCreate
 *fill*         0x08007a1a        0x2 
 .text.vTaskStartScheduler
                0x08007a1c       0x74 CMakeFiles/UART_PWM.elf.dir/Middlewares/Third_Party/FreeRTOS/Source/tasks.c.obj
                0x08007a1c                vTaskStartScheduler
 .text.vTaskSuspendAll
                0x08007a90       0x10 CMakeFiles/UART_PWM.elf.dir/Middlewares/Third_Party/FreeRTOS/Source/tasks.c.obj
                0x08007a90                vTaskSuspendAll
 .text.xTaskIncrementTick
                0x08007aa0      0x118 CMakeFiles/UART_PWM.elf.dir/Middlewares/Third_Party/FreeRTOS/Source/tasks.c.obj
                0x08007aa0                xTaskIncrementTick
 .text.xTaskResumeAll
                0x08007bb8       0xf8 CMakeFiles/UART_PWM.elf.dir/Middlewares/Third_Party/FreeRTOS/Source/tasks.c.obj
                0x08007bb8                xTaskResumeAll
 .text.vTaskDelay
                0x08007cb0       0x4c CMakeFiles/UART_PWM.elf.dir/Middlewares/Third_Party/FreeRTOS/Source/tasks.c.obj
                0x08007cb0                vTaskDelay
 .text.vTaskSwitchContext
                0x08007cfc       0x98 CMakeFiles/UART_PWM.elf.dir/Middlewares/Third_Party/FreeRTOS/Source/tasks.c.obj
                0x08007cfc                vTaskSwitchContext
 .text.vTaskPlaceOnEventList
                0x08007d94       0x30 CMakeFiles/UART_PWM.elf.dir/Middlewares/Third_Party/FreeRTOS/Source/tasks.c.obj
                0x08007d94                vTaskPlaceOnEventList
 .text.xTaskRemoveFromEventList
                0x08007dc4       0x8c CMakeFiles/UART_PWM.elf.dir/Middlewares/Third_Party/FreeRTOS/Source/tasks.c.obj
                0x08007dc4                xTaskRemoveFromEventList
 .text.vTaskInternalSetTimeOutState
                0x08007e50       0x18 CMakeFiles/UART_PWM.elf.dir/Middlewares/Third_Party/FreeRTOS/Source/tasks.c.obj
                0x08007e50                vTaskInternalSetTimeOutState
 .text.xTaskCheckForTimeOut
                0x08007e68       0x84 CMakeFiles/UART_PWM.elf.dir/Middlewares/Third_Party/FreeRTOS/Source/tasks.c.obj
                0x08007e68                xTaskCheckForTimeOut
 .text.vTaskMissedYield
                0x08007eec        0xc CMakeFiles/UART_PWM.elf.dir/Middlewares/Third_Party/FreeRTOS/Source/tasks.c.obj
                0x08007eec                vTaskMissedYield
 .text.xTaskGetSchedulerState
                0x08007ef8       0x20 CMakeFiles/UART_PWM.elf.dir/Middlewares/Third_Party/FreeRTOS/Source/tasks.c.obj
                0x08007ef8                xTaskGetSchedulerState
 .text.xTaskPriorityInherit
                0x08007f18       0xac CMakeFiles/UART_PWM.elf.dir/Middlewares/Third_Party/FreeRTOS/Source/tasks.c.obj
                0x08007f18                xTaskPriorityInherit
 .text.xTaskPriorityDisinherit
                0x08007fc4       0xb4 CMakeFiles/UART_PWM.elf.dir/Middlewares/Third_Party/FreeRTOS/Source/tasks.c.obj
                0x08007fc4                xTaskPriorityDisinherit
 .text.vTaskPriorityDisinheritAfterTimeout
                0x08008078       0xb4 CMakeFiles/UART_PWM.elf.dir/Middlewares/Third_Party/FreeRTOS/Source/tasks.c.obj
                0x08008078                vTaskPriorityDisinheritAfterTimeout
 .text.pvTaskIncrementMutexHeldCount
                0x0800812c       0x1c CMakeFiles/UART_PWM.elf.dir/Middlewares/Third_Party/FreeRTOS/Source/tasks.c.obj
                0x0800812c                pvTaskIncrementMutexHeldCount
 .text.button_init
                0x08008148       0x30 CMakeFiles/UART_PWM.elf.dir/UserApp/Button/multi_button.c.obj
                0x08008148                button_init
 .text.button_attach
                0x08008178        0x8 CMakeFiles/UART_PWM.elf.dir/UserApp/Button/multi_button.c.obj
                0x08008178                button_attach
 .text.button_handler
                0x08008180      0x210 CMakeFiles/UART_PWM.elf.dir/UserApp/Button/multi_button.c.obj
                0x08008180                button_handler
 .text.button_start
                0x08008390       0x24 CMakeFiles/UART_PWM.elf.dir/UserApp/Button/multi_button.c.obj
                0x08008390                button_start
 .text.button_ticks
                0x080083b4       0x1c CMakeFiles/UART_PWM.elf.dir/UserApp/Button/multi_button.c.obj
                0x080083b4                button_ticks
 .text.read_KEY1_GPIO
                0x080083d0       0x10 CMakeFiles/UART_PWM.elf.dir/UserApp/Button/multi_button.c.obj
                0x080083d0                read_KEY1_GPIO
 .text.read_KEY2_GPIO
                0x080083e0       0x10 CMakeFiles/UART_PWM.elf.dir/UserApp/Button/multi_button.c.obj
                0x080083e0                read_KEY2_GPIO
 .text.KEY1_PRESS_DOWN_Handler
                0x080083f0       0x44 CMakeFiles/UART_PWM.elf.dir/UserApp/Button/multi_button.c.obj
                0x080083f0                KEY1_PRESS_DOWN_Handler
 .text.KEY2_PRESS_DOWN_Handler
                0x08008434       0x3c CMakeFiles/UART_PWM.elf.dir/UserApp/Button/multi_button.c.obj
                0x08008434                KEY2_PRESS_DOWN_Handler
 .text.uart_printf
                0x08008470       0x64 CMakeFiles/UART_PWM.elf.dir/UserApp/Retarget/retarget.c.obj
                0x08008470                uart_printf
 .text.ReformatBuffer
                0x080084d4      0x238 CMakeFiles/UART_PWM.elf.dir/UserApp/Retarget/retarget.c.obj
                0x080084d4                ReformatBuffer
 .text.__errno  0x0800870c        0xc e:/gcc-arm-none-eabi-10-2020-q4-major/bin/../lib/gcc/arm-none-eabi/10.2.1/../../../../arm-none-eabi/lib/thumb/v7e-m+fp/hard\libc.a(lib_a-errno.o)
                0x0800870c                __errno
 .text.__libc_init_array
                0x08008718       0x48 e:/gcc-arm-none-eabi-10-2020-q4-major/bin/../lib/gcc/arm-none-eabi/10.2.1/../../../../arm-none-eabi/lib/thumb/v7e-m+fp/hard\libc.a(lib_a-init.o)
                0x08008718                __libc_init_array
 .text.memset   0x08008760       0xa4 e:/gcc-arm-none-eabi-10-2020-q4-major/bin/../lib/gcc/arm-none-eabi/10.2.1/../../../../arm-none-eabi/lib/thumb/v7e-m+fp/hard\libc.a(lib_a-memset.o)
                0x08008760                memset
 .text.strncpy  0x08008804       0x64 e:/gcc-arm-none-eabi-10-2020-q4-major/bin/../lib/gcc/arm-none-eabi/10.2.1/../../../../arm-none-eabi/lib/thumb/v7e-m+fp/hard\libc.a(lib_a-strncpy.o)
                0x08008804                strncpy
 .text.vsnprintf
                0x08008868       0x70 e:/gcc-arm-none-eabi-10-2020-q4-major/bin/../lib/gcc/arm-none-eabi/10.2.1/../../../../arm-none-eabi/lib/thumb/v7e-m+fp/hard\libc.a(lib_a-vsnprintf.o)
                0x08008868                vsnprintf
 .text.startup.register_fini
                0x080088d8       0x14 e:/gcc-arm-none-eabi-10-2020-q4-major/bin/../lib/gcc/arm-none-eabi/10.2.1/../../../../arm-none-eabi/lib/thumb/v7e-m+fp/hard\libc.a(lib_a-__call_atexit.o)
 .text.atexit   0x080088ec        0xc e:/gcc-arm-none-eabi-10-2020-q4-major/bin/../lib/gcc/arm-none-eabi/10.2.1/../../../../arm-none-eabi/lib/thumb/v7e-m+fp/hard\libc.a(lib_a-atexit.o)
                0x080088ec                atexit
 .text.__libc_fini_array
                0x080088f8       0x2c e:/gcc-arm-none-eabi-10-2020-q4-major/bin/../lib/gcc/arm-none-eabi/10.2.1/../../../../arm-none-eabi/lib/thumb/v7e-m+fp/hard\libc.a(lib_a-fini.o)
                0x080088f8                __libc_fini_array
 .text.__locale_mb_cur_max
                0x08008924        0xc e:/gcc-arm-none-eabi-10-2020-q4-major/bin/../lib/gcc/arm-none-eabi/10.2.1/../../../../arm-none-eabi/lib/thumb/v7e-m+fp/hard\libc.a(lib_a-locale.o)
                0x08008924                __locale_mb_cur_max
 .text.__retarget_lock_init_recursive
                0x08008930        0x4 e:/gcc-arm-none-eabi-10-2020-q4-major/bin/../lib/gcc/arm-none-eabi/10.2.1/../../../../arm-none-eabi/lib/thumb/v7e-m+fp/hard\libc.a(lib_a-lock.o)
                0x08008930                __retarget_lock_init_recursive
 .text.__retarget_lock_close_recursive
                0x08008934        0x4 e:/gcc-arm-none-eabi-10-2020-q4-major/bin/../lib/gcc/arm-none-eabi/10.2.1/../../../../arm-none-eabi/lib/thumb/v7e-m+fp/hard\libc.a(lib_a-lock.o)
                0x08008934                __retarget_lock_close_recursive
 .text.__retarget_lock_acquire_recursive
                0x08008938        0x4 e:/gcc-arm-none-eabi-10-2020-q4-major/bin/../lib/gcc/arm-none-eabi/10.2.1/../../../../arm-none-eabi/lib/thumb/v7e-m+fp/hard\libc.a(lib_a-lock.o)
                0x08008938                __retarget_lock_acquire_recursive
 .text.__retarget_lock_release_recursive
                0x0800893c        0x4 e:/gcc-arm-none-eabi-10-2020-q4-major/bin/../lib/gcc/arm-none-eabi/10.2.1/../../../../arm-none-eabi/lib/thumb/v7e-m+fp/hard\libc.a(lib_a-lock.o)
                0x0800893c                __retarget_lock_release_recursive
 .text.__ascii_mbtowc
                0x08008940       0x2c e:/gcc-arm-none-eabi-10-2020-q4-major/bin/../lib/gcc/arm-none-eabi/10.2.1/../../../../arm-none-eabi/lib/thumb/v7e-m+fp/hard\libc.a(lib_a-mbtowc_r.o)
                0x08008940                __ascii_mbtowc
 .text._Balloc  0x0800896c       0x4c e:/gcc-arm-none-eabi-10-2020-q4-major/bin/../lib/gcc/arm-none-eabi/10.2.1/../../../../arm-none-eabi/lib/thumb/v7e-m+fp/hard\libc.a(lib_a-mprec.o)
                0x0800896c                _Balloc
 .text._Bfree   0x080089b8       0x14 e:/gcc-arm-none-eabi-10-2020-q4-major/bin/../lib/gcc/arm-none-eabi/10.2.1/../../../../arm-none-eabi/lib/thumb/v7e-m+fp/hard\libc.a(lib_a-mprec.o)
                0x080089b8                _Bfree
 .text.__multadd
                0x080089cc       0xa8 e:/gcc-arm-none-eabi-10-2020-q4-major/bin/../lib/gcc/arm-none-eabi/10.2.1/../../../../arm-none-eabi/lib/thumb/v7e-m+fp/hard\libc.a(lib_a-mprec.o)
                0x080089cc                __multadd
 .text.__hi0bits
                0x08008a74       0x40 e:/gcc-arm-none-eabi-10-2020-q4-major/bin/../lib/gcc/arm-none-eabi/10.2.1/../../../../arm-none-eabi/lib/thumb/v7e-m+fp/hard\libc.a(lib_a-mprec.o)
                0x08008a74                __hi0bits
 .text.__lo0bits
                0x08008ab4       0x60 e:/gcc-arm-none-eabi-10-2020-q4-major/bin/../lib/gcc/arm-none-eabi/10.2.1/../../../../arm-none-eabi/lib/thumb/v7e-m+fp/hard\libc.a(lib_a-mprec.o)
                0x08008ab4                __lo0bits
 .text.__i2b    0x08008b14       0x5c e:/gcc-arm-none-eabi-10-2020-q4-major/bin/../lib/gcc/arm-none-eabi/10.2.1/../../../../arm-none-eabi/lib/thumb/v7e-m+fp/hard\libc.a(lib_a-mprec.o)
                0x08008b14                __i2b
 .text.__multiply
                0x08008b70      0x158 e:/gcc-arm-none-eabi-10-2020-q4-major/bin/../lib/gcc/arm-none-eabi/10.2.1/../../../../arm-none-eabi/lib/thumb/v7e-m+fp/hard\libc.a(lib_a-mprec.o)
                0x08008b70                __multiply
 .text.__pow5mult
                0x08008cc8       0xc0 e:/gcc-arm-none-eabi-10-2020-q4-major/bin/../lib/gcc/arm-none-eabi/10.2.1/../../../../arm-none-eabi/lib/thumb/v7e-m+fp/hard\libc.a(lib_a-mprec.o)
                0x08008cc8                __pow5mult
 .text.__lshift
                0x08008d88       0xf0 e:/gcc-arm-none-eabi-10-2020-q4-major/bin/../lib/gcc/arm-none-eabi/10.2.1/../../../../arm-none-eabi/lib/thumb/v7e-m+fp/hard\libc.a(lib_a-mprec.o)
                0x08008d88                __lshift
 .text.__mcmp   0x08008e78       0x44 e:/gcc-arm-none-eabi-10-2020-q4-major/bin/../lib/gcc/arm-none-eabi/10.2.1/../../../../arm-none-eabi/lib/thumb/v7e-m+fp/hard\libc.a(lib_a-mprec.o)
                0x08008e78                __mcmp
 .text.__mdiff  0x08008ebc      0x14c e:/gcc-arm-none-eabi-10-2020-q4-major/bin/../lib/gcc/arm-none-eabi/10.2.1/../../../../arm-none-eabi/lib/thumb/v7e-m+fp/hard\libc.a(lib_a-mprec.o)
                0x08008ebc                __mdiff
 .text.__d2b    0x08009008       0xd0 e:/gcc-arm-none-eabi-10-2020-q4-major/bin/../lib/gcc/arm-none-eabi/10.2.1/../../../../arm-none-eabi/lib/thumb/v7e-m+fp/hard\libc.a(lib_a-mprec.o)
                0x08009008                __d2b
 .text._svfprintf_r
                0x080090d8     0x1adc e:/gcc-arm-none-eabi-10-2020-q4-major/bin/../lib/gcc/arm-none-eabi/10.2.1/../../../../arm-none-eabi/lib/thumb/v7e-m+fp/hard\libc.a(lib_a-svfprintf.o)
                0x080090d8                _svfprintf_r
 .text.__ascii_wctomb
                0x0800abb4       0x1c e:/gcc-arm-none-eabi-10-2020-q4-major/bin/../lib/gcc/arm-none-eabi/10.2.1/../../../../arm-none-eabi/lib/thumb/v7e-m+fp/hard\libc.a(lib_a-wctomb_r.o)
                0x0800abb4                __ascii_wctomb
 .text.__register_exitproc
                0x0800abd0       0x8c e:/gcc-arm-none-eabi-10-2020-q4-major/bin/../lib/gcc/arm-none-eabi/10.2.1/../../../../arm-none-eabi/lib/thumb/v7e-m+fp/hard\libc.a(lib_a-__atexit.o)
                0x0800abd0                __register_exitproc
 .text.__assert_func
                0x0800ac5c       0x40 e:/gcc-arm-none-eabi-10-2020-q4-major/bin/../lib/gcc/arm-none-eabi/10.2.1/../../../../arm-none-eabi/lib/thumb/v7e-m+fp/hard\libc.a(lib_a-assert.o)
                0x0800ac5c                __assert_func
 .text._calloc_r
                0x0800ac9c       0x60 e:/gcc-arm-none-eabi-10-2020-q4-major/bin/../lib/gcc/arm-none-eabi/10.2.1/../../../../arm-none-eabi/lib/thumb/v7e-m+fp/hard\libc.a(lib_a-callocr.o)
                0x0800ac9c                _calloc_r
 .text.quorem   0x0800acfc      0x128 e:/gcc-arm-none-eabi-10-2020-q4-major/bin/../lib/gcc/arm-none-eabi/10.2.1/../../../../arm-none-eabi/lib/thumb/v7e-m+fp/hard\libc.a(lib_a-dtoa.o)
 *fill*         0x0800ae24        0x4 
 .text._dtoa_r  0x0800ae28      0xf40 e:/gcc-arm-none-eabi-10-2020-q4-major/bin/../lib/gcc/arm-none-eabi/10.2.1/../../../../arm-none-eabi/lib/thumb/v7e-m+fp/hard\libc.a(lib_a-dtoa.o)
                0x0800ae28                _dtoa_r
 .text.fiprintf
                0x0800bd68       0x28 e:/gcc-arm-none-eabi-10-2020-q4-major/bin/../lib/gcc/arm-none-eabi/10.2.1/../../../../arm-none-eabi/lib/thumb/v7e-m+fp/hard\libc.a(lib_a-fiprintf.o)
                0x0800bd68                fiprintf
 .text._malloc_trim_r
                0x0800bd90       0xa0 e:/gcc-arm-none-eabi-10-2020-q4-major/bin/../lib/gcc/arm-none-eabi/10.2.1/../../../../arm-none-eabi/lib/thumb/v7e-m+fp/hard\libc.a(lib_a-freer.o)
                0x0800bd90                _malloc_trim_r
 .text._free_r  0x0800be30      0x20c e:/gcc-arm-none-eabi-10-2020-q4-major/bin/../lib/gcc/arm-none-eabi/10.2.1/../../../../arm-none-eabi/lib/thumb/v7e-m+fp/hard\libc.a(lib_a-freer.o)
                0x0800be30                _free_r
 .text._localeconv_r
                0x0800c03c        0x8 e:/gcc-arm-none-eabi-10-2020-q4-major/bin/../lib/gcc/arm-none-eabi/10.2.1/../../../../arm-none-eabi/lib/thumb/v7e-m+fp/hard\libc.a(lib_a-localeconv.o)
                0x0800c03c                _localeconv_r
 .text._malloc_r
                0x0800c044      0x560 e:/gcc-arm-none-eabi-10-2020-q4-major/bin/../lib/gcc/arm-none-eabi/10.2.1/../../../../arm-none-eabi/lib/thumb/v7e-m+fp/hard\libc.a(lib_a-mallocr.o)
                0x0800c044                _malloc_r
 .text.__malloc_lock
                0x0800c5a4        0xc e:/gcc-arm-none-eabi-10-2020-q4-major/bin/../lib/gcc/arm-none-eabi/10.2.1/../../../../arm-none-eabi/lib/thumb/v7e-m+fp/hard\libc.a(lib_a-mlock.o)
                0x0800c5a4                __malloc_lock
 .text.__malloc_unlock
                0x0800c5b0        0xc e:/gcc-arm-none-eabi-10-2020-q4-major/bin/../lib/gcc/arm-none-eabi/10.2.1/../../../../arm-none-eabi/lib/thumb/v7e-m+fp/hard\libc.a(lib_a-mlock.o)
                0x0800c5b0                __malloc_unlock
 .text.frexp    0x0800c5bc       0x6c e:/gcc-arm-none-eabi-10-2020-q4-major/bin/../lib/gcc/arm-none-eabi/10.2.1/../../../../arm-none-eabi/lib/thumb/v7e-m+fp/hard\libc.a(lib_a-s_frexp.o)
                0x0800c5bc                frexp
 .text._sbrk_r  0x0800c628       0x24 e:/gcc-arm-none-eabi-10-2020-q4-major/bin/../lib/gcc/arm-none-eabi/10.2.1/../../../../arm-none-eabi/lib/thumb/v7e-m+fp/hard\libc.a(lib_a-sbrkr.o)
                0x0800c628                _sbrk_r
 .text.__ssprint_r
                0x0800c64c       0xf8 e:/gcc-arm-none-eabi-10-2020-q4-major/bin/../lib/gcc/arm-none-eabi/10.2.1/../../../../arm-none-eabi/lib/thumb/v7e-m+fp/hard\libc.a(lib_a-svfiprintf.o)
                0x0800c64c                __ssprint_r
 .text.__sprint_r.part.0
                0x0800c744       0x78 e:/gcc-arm-none-eabi-10-2020-q4-major/bin/../lib/gcc/arm-none-eabi/10.2.1/../../../../arm-none-eabi/lib/thumb/v7e-m+fp/hard\libc.a(lib_a-vfiprintf.o)
 .text._vfiprintf_r
                0x0800c7bc      0xdf4 e:/gcc-arm-none-eabi-10-2020-q4-major/bin/../lib/gcc/arm-none-eabi/10.2.1/../../../../arm-none-eabi/lib/thumb/v7e-m+fp/hard\libc.a(lib_a-vfiprintf.o)
                0x0800c7bc                _vfiprintf_r
 .text.__sbprintf
                0x0800d5b0       0x80 e:/gcc-arm-none-eabi-10-2020-q4-major/bin/../lib/gcc/arm-none-eabi/10.2.1/../../../../arm-none-eabi/lib/thumb/v7e-m+fp/hard\libc.a(lib_a-vfiprintf.o)
 .text.__swsetup_r
                0x0800d630       0xd4 e:/gcc-arm-none-eabi-10-2020-q4-major/bin/../lib/gcc/arm-none-eabi/10.2.1/../../../../arm-none-eabi/lib/thumb/v7e-m+fp/hard\libc.a(lib_a-wsetup.o)
                0x0800d630                __swsetup_r
 .text.abort    0x0800d704       0x10 e:/gcc-arm-none-eabi-10-2020-q4-major/bin/../lib/gcc/arm-none-eabi/10.2.1/../../../../arm-none-eabi/lib/thumb/v7e-m+fp/hard\libc.a(lib_a-abort.o)
                0x0800d704                abort
 .text.__sflush_r
                0x0800d714      0x130 e:/gcc-arm-none-eabi-10-2020-q4-major/bin/../lib/gcc/arm-none-eabi/10.2.1/../../../../arm-none-eabi/lib/thumb/v7e-m+fp/hard\libc.a(lib_a-fflush.o)
                0x0800d714                __sflush_r
 .text._fflush_r
                0x0800d844       0x5c e:/gcc-arm-none-eabi-10-2020-q4-major/bin/../lib/gcc/arm-none-eabi/10.2.1/../../../../arm-none-eabi/lib/thumb/v7e-m+fp/hard\libc.a(lib_a-fflush.o)
                0x0800d844                _fflush_r
 .text._cleanup_r
                0x0800d8a0        0xc e:/gcc-arm-none-eabi-10-2020-q4-major/bin/../lib/gcc/arm-none-eabi/10.2.1/../../../../arm-none-eabi/lib/thumb/v7e-m+fp/hard\libc.a(lib_a-findfp.o)
                0x0800d8a0                _cleanup_r
 .text.__sinit  0x0800d8ac      0x10c e:/gcc-arm-none-eabi-10-2020-q4-major/bin/../lib/gcc/arm-none-eabi/10.2.1/../../../../arm-none-eabi/lib/thumb/v7e-m+fp/hard\libc.a(lib_a-findfp.o)
                0x0800d8ac                __sinit
 .text.__sfp_lock_acquire
                0x0800d9b8        0xc e:/gcc-arm-none-eabi-10-2020-q4-major/bin/../lib/gcc/arm-none-eabi/10.2.1/../../../../arm-none-eabi/lib/thumb/v7e-m+fp/hard\libc.a(lib_a-findfp.o)
                0x0800d9b8                __sfp_lock_acquire
 .text.__sfp_lock_release
                0x0800d9c4        0xc e:/gcc-arm-none-eabi-10-2020-q4-major/bin/../lib/gcc/arm-none-eabi/10.2.1/../../../../arm-none-eabi/lib/thumb/v7e-m+fp/hard\libc.a(lib_a-findfp.o)
                0x0800d9c4                __sfp_lock_release
 .text.__fputwc
                0x0800d9d0       0xa8 e:/gcc-arm-none-eabi-10-2020-q4-major/bin/../lib/gcc/arm-none-eabi/10.2.1/../../../../arm-none-eabi/lib/thumb/v7e-m+fp/hard\libc.a(lib_a-fputwc.o)
                0x0800d9d0                __fputwc
 .text._fputwc_r
                0x0800da78       0x68 e:/gcc-arm-none-eabi-10-2020-q4-major/bin/../lib/gcc/arm-none-eabi/10.2.1/../../../../arm-none-eabi/lib/thumb/v7e-m+fp/hard\libc.a(lib_a-fputwc.o)
                0x0800da78                _fputwc_r
 .text.__sfvwrite_r
                0x0800dae0      0x2f0 e:/gcc-arm-none-eabi-10-2020-q4-major/bin/../lib/gcc/arm-none-eabi/10.2.1/../../../../arm-none-eabi/lib/thumb/v7e-m+fp/hard\libc.a(lib_a-fvwrite.o)
                0x0800dae0                __sfvwrite_r
 .text._fwalk_reent
                0x0800ddd0       0x48 e:/gcc-arm-none-eabi-10-2020-q4-major/bin/../lib/gcc/arm-none-eabi/10.2.1/../../../../arm-none-eabi/lib/thumb/v7e-m+fp/hard\libc.a(lib_a-fwalk.o)
                0x0800ddd0                _fwalk_reent
 .text.__smakebuf_r
                0x0800de18       0xe0 e:/gcc-arm-none-eabi-10-2020-q4-major/bin/../lib/gcc/arm-none-eabi/10.2.1/../../../../arm-none-eabi/lib/thumb/v7e-m+fp/hard\libc.a(lib_a-makebuf.o)
                0x0800de18                __smakebuf_r
 .text.memmove  0x0800def8       0xf8 e:/gcc-arm-none-eabi-10-2020-q4-major/bin/../lib/gcc/arm-none-eabi/10.2.1/../../../../arm-none-eabi/lib/thumb/v7e-m+fp/hard\libc.a(lib_a-memmove.o)
                0x0800def8                memmove
 .text._realloc_r
                0x0800dff0      0x3d8 e:/gcc-arm-none-eabi-10-2020-q4-major/bin/../lib/gcc/arm-none-eabi/10.2.1/../../../../arm-none-eabi/lib/thumb/v7e-m+fp/hard\libc.a(lib_a-reallocr.o)
                0x0800dff0                _realloc_r
 .text.raise    0x0800e3c8       0x5c e:/gcc-arm-none-eabi-10-2020-q4-major/bin/../lib/gcc/arm-none-eabi/10.2.1/../../../../arm-none-eabi/lib/thumb/v7e-m+fp/hard\libc.a(lib_a-signal.o)
                0x0800e3c8                raise
 .text._kill_r  0x0800e424       0x2c e:/gcc-arm-none-eabi-10-2020-q4-major/bin/../lib/gcc/arm-none-eabi/10.2.1/../../../../arm-none-eabi/lib/thumb/v7e-m+fp/hard\libc.a(lib_a-signalr.o)
                0x0800e424                _kill_r
 .text._getpid_r
                0x0800e450        0x4 e:/gcc-arm-none-eabi-10-2020-q4-major/bin/../lib/gcc/arm-none-eabi/10.2.1/../../../../arm-none-eabi/lib/thumb/v7e-m+fp/hard\libc.a(lib_a-signalr.o)
                0x0800e450                _getpid_r
 .text.__sread  0x0800e454       0x24 e:/gcc-arm-none-eabi-10-2020-q4-major/bin/../lib/gcc/arm-none-eabi/10.2.1/../../../../arm-none-eabi/lib/thumb/v7e-m+fp/hard\libc.a(lib_a-stdio.o)
                0x0800e454                __sread
 .text.__swrite
                0x0800e478       0x40 e:/gcc-arm-none-eabi-10-2020-q4-major/bin/../lib/gcc/arm-none-eabi/10.2.1/../../../../arm-none-eabi/lib/thumb/v7e-m+fp/hard\libc.a(lib_a-stdio.o)
                0x0800e478                __swrite
 .text.__sseek  0x0800e4b8       0x20 e:/gcc-arm-none-eabi-10-2020-q4-major/bin/../lib/gcc/arm-none-eabi/10.2.1/../../../../arm-none-eabi/lib/thumb/v7e-m+fp/hard\libc.a(lib_a-stdio.o)
                0x0800e4b8                __sseek
 .text.__sclose
                0x0800e4d8        0x8 e:/gcc-arm-none-eabi-10-2020-q4-major/bin/../lib/gcc/arm-none-eabi/10.2.1/../../../../arm-none-eabi/lib/thumb/v7e-m+fp/hard\libc.a(lib_a-stdio.o)
                0x0800e4d8                __sclose
 .text.__swbuf_r
                0x0800e4e0       0xb0 e:/gcc-arm-none-eabi-10-2020-q4-major/bin/../lib/gcc/arm-none-eabi/10.2.1/../../../../arm-none-eabi/lib/thumb/v7e-m+fp/hard\libc.a(lib_a-wbuf.o)
                0x0800e4e0                __swbuf_r
 .text._wcrtomb_r
                0x0800e590       0x3c e:/gcc-arm-none-eabi-10-2020-q4-major/bin/../lib/gcc/arm-none-eabi/10.2.1/../../../../arm-none-eabi/lib/thumb/v7e-m+fp/hard\libc.a(lib_a-wcrtomb.o)
                0x0800e590                _wcrtomb_r
 .text._write_r
                0x0800e5cc       0x2c e:/gcc-arm-none-eabi-10-2020-q4-major/bin/../lib/gcc/arm-none-eabi/10.2.1/../../../../arm-none-eabi/lib/thumb/v7e-m+fp/hard\libc.a(lib_a-writer.o)
                0x0800e5cc                _write_r
 .text._close_r
                0x0800e5f8       0x24 e:/gcc-arm-none-eabi-10-2020-q4-major/bin/../lib/gcc/arm-none-eabi/10.2.1/../../../../arm-none-eabi/lib/thumb/v7e-m+fp/hard\libc.a(lib_a-closer.o)
                0x0800e5f8                _close_r
 .text._fclose_r
                0x0800e61c       0xcc e:/gcc-arm-none-eabi-10-2020-q4-major/bin/../lib/gcc/arm-none-eabi/10.2.1/../../../../arm-none-eabi/lib/thumb/v7e-m+fp/hard\libc.a(lib_a-fclose.o)
                0x0800e61c                _fclose_r
 .text._fstat_r
                0x0800e6e8       0x2c e:/gcc-arm-none-eabi-10-2020-q4-major/bin/../lib/gcc/arm-none-eabi/10.2.1/../../../../arm-none-eabi/lib/thumb/v7e-m+fp/hard\libc.a(lib_a-fstatr.o)
                0x0800e6e8                _fstat_r
 .text._isatty_r
                0x0800e714       0x24 e:/gcc-arm-none-eabi-10-2020-q4-major/bin/../lib/gcc/arm-none-eabi/10.2.1/../../../../arm-none-eabi/lib/thumb/v7e-m+fp/hard\libc.a(lib_a-isattyr.o)
                0x0800e714                _isatty_r
 .text._lseek_r
                0x0800e738       0x2c e:/gcc-arm-none-eabi-10-2020-q4-major/bin/../lib/gcc/arm-none-eabi/10.2.1/../../../../arm-none-eabi/lib/thumb/v7e-m+fp/hard\libc.a(lib_a-lseekr.o)
                0x0800e738                _lseek_r
 .text._read_r  0x0800e764       0x2c e:/gcc-arm-none-eabi-10-2020-q4-major/bin/../lib/gcc/arm-none-eabi/10.2.1/../../../../arm-none-eabi/lib/thumb/v7e-m+fp/hard\libc.a(lib_a-readr.o)
                0x0800e764                _read_r
 *(.glue_7)
 .glue_7        0x0800e790        0x0 linker stubs
 *(.glue_7t)
 .glue_7t       0x0800e790        0x0 linker stubs
 *(.eh_frame)
 .eh_frame      0x0800e790        0x0 e:/gcc-arm-none-eabi-10-2020-q4-major/bin/../lib/gcc/arm-none-eabi/10.2.1/thumb/v7e-m+fp/hard/crtbegin.o
 *(.init)
 .init          0x0800e790        0x4 e:/gcc-arm-none-eabi-10-2020-q4-major/bin/../lib/gcc/arm-none-eabi/10.2.1/thumb/v7e-m+fp/hard/crti.o
                0x0800e790                _init
 .init          0x0800e794        0x8 e:/gcc-arm-none-eabi-10-2020-q4-major/bin/../lib/gcc/arm-none-eabi/10.2.1/thumb/v7e-m+fp/hard/crtn.o
 *(.fini)
 .fini          0x0800e79c        0x4 e:/gcc-arm-none-eabi-10-2020-q4-major/bin/../lib/gcc/arm-none-eabi/10.2.1/thumb/v7e-m+fp/hard/crti.o
                0x0800e79c                _fini
 .fini          0x0800e7a0        0x8 e:/gcc-arm-none-eabi-10-2020-q4-major/bin/../lib/gcc/arm-none-eabi/10.2.1/thumb/v7e-m+fp/hard/crtn.o
                0x0800e7a8                . = ALIGN (0x4)
                0x0800e7a8                _etext = .

.vfp11_veneer   0x0800e7a8        0x0
 .vfp11_veneer  0x0800e7a8        0x0 linker stubs

.v4_bx          0x0800e7a8        0x0
 .v4_bx         0x0800e7a8        0x0 linker stubs

.iplt           0x0800e7a8        0x0
 .iplt          0x0800e7a8        0x0 e:/gcc-arm-none-eabi-10-2020-q4-major/bin/../lib/gcc/arm-none-eabi/10.2.1/thumb/v7e-m+fp/hard/crtbegin.o

.rodata         0x0800e7a8      0x51c
                0x0800e7a8                . = ALIGN (0x4)
 *(.rodata)
 .rodata        0x0800e7a8       0x1c CMakeFiles/UART_PWM.elf.dir/Core/Src/main.c.obj
 *(.rodata*)
 .rodata.UARTTask.str1.4
                0x0800e7c4       0x28 CMakeFiles/UART_PWM.elf.dir/Core/Src/freertos.c.obj
 .rodata.os_mutex_def_printfMutex
                0x0800e7ec        0x8 CMakeFiles/UART_PWM.elf.dir/Core/Src/freertos.c.obj
                0x0800e7ec                os_mutex_def_printfMutex
 .rodata.str1.4
                0x0800e7f4       0x25 CMakeFiles/UART_PWM.elf.dir/Core/Src/main.c.obj
 *fill*         0x0800e819        0x3 
 .rodata.StartDefaultTask.str1.4
                0x0800e81c        0xb CMakeFiles/UART_PWM.elf.dir/Core/Src/main.c.obj
 *fill*         0x0800e827        0x1 
 .rodata.os_thread_def_KEYTask
                0x0800e828       0x1c CMakeFiles/UART_PWM.elf.dir/Core/Src/main.c.obj
                0x0800e828                os_thread_def_KEYTask
 .rodata.os_thread_def_PWMTask
                0x0800e844       0x1c CMakeFiles/UART_PWM.elf.dir/Core/Src/main.c.obj
                0x0800e844                os_thread_def_PWMTask
 .rodata.os_thread_def_UARTTask
                0x0800e860       0x1c CMakeFiles/UART_PWM.elf.dir/Core/Src/main.c.obj
                0x0800e860                os_thread_def_UARTTask
 .rodata.D1CorePrescTable
                0x0800e87c       0x10 CMakeFiles/UART_PWM.elf.dir/Core/Src/system_stm32h7xx.c.obj
                0x0800e87c                D1CorePrescTable
 .rodata.flagBitshiftOffset.0
                0x0800e88c        0x8 CMakeFiles/UART_PWM.elf.dir/Drivers/STM32H7xx_HAL_Driver/Src/stm32h7xx_hal_dma.c.obj
 .rodata.UARTPrescTable
                0x0800e894       0x18 CMakeFiles/UART_PWM.elf.dir/Drivers/STM32H7xx_HAL_Driver/Src/stm32h7xx_hal_uart.c.obj
                0x0800e894                UARTPrescTable
 .rodata.denominator.0
                0x0800e8ac        0x8 CMakeFiles/UART_PWM.elf.dir/Drivers/STM32H7xx_HAL_Driver/Src/stm32h7xx_hal_uart_ex.c.obj
 .rodata.numerator.1
                0x0800e8b4        0x8 CMakeFiles/UART_PWM.elf.dir/Drivers/STM32H7xx_HAL_Driver/Src/stm32h7xx_hal_uart_ex.c.obj
 .rodata.vTaskStartScheduler.str1.4
                0x0800e8bc        0x5 CMakeFiles/UART_PWM.elf.dir/Middlewares/Third_Party/FreeRTOS/Source/tasks.c.obj
 .rodata.KEY1_PRESS_DOWN_Handler.str1.4
                0x0800e8c1       0x14 CMakeFiles/UART_PWM.elf.dir/UserApp/Button/multi_button.c.obj
 *fill*         0x0800e8c1        0x3 
 .rodata._global_impure_ptr
                0x0800e8c4        0x4 e:/gcc-arm-none-eabi-10-2020-q4-major/bin/../lib/gcc/arm-none-eabi/10.2.1/../../../../arm-none-eabi/lib/thumb/v7e-m+fp/hard\libc.a(lib_a-impure.o)
                0x0800e8c4                _global_impure_ptr
 .rodata._setlocale_r.str1.4
                0x0800e8c8        0xa e:/gcc-arm-none-eabi-10-2020-q4-major/bin/../lib/gcc/arm-none-eabi/10.2.1/../../../../arm-none-eabi/lib/thumb/v7e-m+fp/hard\libc.a(lib_a-locale.o)
                                  0xd (size before relaxing)
 *fill*         0x0800e8d2        0x2 
 .rodata.str1.4
                0x0800e8d4        0x2 e:/gcc-arm-none-eabi-10-2020-q4-major/bin/../lib/gcc/arm-none-eabi/10.2.1/../../../../arm-none-eabi/lib/thumb/v7e-m+fp/hard\libc.a(lib_a-locale.o)
 *fill*         0x0800e8d6        0x2 
 .rodata.__multadd.str1.4
                0x0800e8d8       0x92 e:/gcc-arm-none-eabi-10-2020-q4-major/bin/../lib/gcc/arm-none-eabi/10.2.1/../../../../arm-none-eabi/lib/thumb/v7e-m+fp/hard\libc.a(lib_a-mprec.o)
 *fill*         0x0800e96a        0x6 
 .rodata.__mprec_bigtens
                0x0800e970       0x28 e:/gcc-arm-none-eabi-10-2020-q4-major/bin/../lib/gcc/arm-none-eabi/10.2.1/../../../../arm-none-eabi/lib/thumb/v7e-m+fp/hard\libc.a(lib_a-mprec.o)
                0x0800e970                __mprec_bigtens
 .rodata.__mprec_tens
                0x0800e998       0xc8 e:/gcc-arm-none-eabi-10-2020-q4-major/bin/../lib/gcc/arm-none-eabi/10.2.1/../../../../arm-none-eabi/lib/thumb/v7e-m+fp/hard\libc.a(lib_a-mprec.o)
                0x0800e998                __mprec_tens
 .rodata.p05.0  0x0800ea60        0xc e:/gcc-arm-none-eabi-10-2020-q4-major/bin/../lib/gcc/arm-none-eabi/10.2.1/../../../../arm-none-eabi/lib/thumb/v7e-m+fp/hard\libc.a(lib_a-mprec.o)
 .rodata._svfprintf_r.str1.4
                0x0800ea6c       0x42 e:/gcc-arm-none-eabi-10-2020-q4-major/bin/../lib/gcc/arm-none-eabi/10.2.1/../../../../arm-none-eabi/lib/thumb/v7e-m+fp/hard\libc.a(lib_a-svfprintf.o)
 *fill*         0x0800eaae        0x2 
 .rodata.blanks.1
                0x0800eab0       0x10 e:/gcc-arm-none-eabi-10-2020-q4-major/bin/../lib/gcc/arm-none-eabi/10.2.1/../../../../arm-none-eabi/lib/thumb/v7e-m+fp/hard\libc.a(lib_a-svfprintf.o)
 .rodata.zeroes.0
                0x0800eac0       0x10 e:/gcc-arm-none-eabi-10-2020-q4-major/bin/../lib/gcc/arm-none-eabi/10.2.1/../../../../arm-none-eabi/lib/thumb/v7e-m+fp/hard\libc.a(lib_a-svfprintf.o)
 .rodata.__assert_func.str1.4
                0x0800ead0       0x3f e:/gcc-arm-none-eabi-10-2020-q4-major/bin/../lib/gcc/arm-none-eabi/10.2.1/../../../../arm-none-eabi/lib/thumb/v7e-m+fp/hard\libc.a(lib_a-assert.o)
                                 0x43 (size before relaxing)
 *fill*         0x0800eb0f        0x1 
 .rodata._ctype_
                0x0800eb10      0x101 e:/gcc-arm-none-eabi-10-2020-q4-major/bin/../lib/gcc/arm-none-eabi/10.2.1/../../../../arm-none-eabi/lib/thumb/v7e-m+fp/hard\libc.a(lib_a-ctype_.o)
                0x0800eb10                _ctype_
 *fill*         0x0800ec11        0x3 
 .rodata._dtoa_r.str1.4
                0x0800ec14       0x8d e:/gcc-arm-none-eabi-10-2020-q4-major/bin/../lib/gcc/arm-none-eabi/10.2.1/../../../../arm-none-eabi/lib/thumb/v7e-m+fp/hard\libc.a(lib_a-dtoa.o)
                                 0xa5 (size before relaxing)
 .rodata._vfiprintf_r.str1.4
                0x0800eca1       0x2f e:/gcc-arm-none-eabi-10-2020-q4-major/bin/../lib/gcc/arm-none-eabi/10.2.1/../../../../arm-none-eabi/lib/thumb/v7e-m+fp/hard\libc.a(lib_a-vfiprintf.o)
 *fill*         0x0800eca1        0x3 
 .rodata.blanks.1
                0x0800eca4       0x10 e:/gcc-arm-none-eabi-10-2020-q4-major/bin/../lib/gcc/arm-none-eabi/10.2.1/../../../../arm-none-eabi/lib/thumb/v7e-m+fp/hard\libc.a(lib_a-vfiprintf.o)
 .rodata.zeroes.0
                0x0800ecb4       0x10 e:/gcc-arm-none-eabi-10-2020-q4-major/bin/../lib/gcc/arm-none-eabi/10.2.1/../../../../arm-none-eabi/lib/thumb/v7e-m+fp/hard\libc.a(lib_a-vfiprintf.o)
                0x0800ecc4                . = ALIGN (0x4)

.ARM.extab
 *(.ARM.extab* .gnu.linkonce.armextab.*)

.ARM            0x0800ecc4        0x8
                0x0800ecc4                __exidx_start = .
 *(.ARM.exidx*)
 .ARM.exidx     0x0800ecc4        0x8 e:/gcc-arm-none-eabi-10-2020-q4-major/bin/../lib/gcc/arm-none-eabi/10.2.1/thumb/v7e-m+fp/hard\libgcc.a(_udivmoddi4.o)
                0x0800eccc                __exidx_end = .

.rel.dyn        0x0800eccc        0x0
 .rel.iplt      0x0800eccc        0x0 e:/gcc-arm-none-eabi-10-2020-q4-major/bin/../lib/gcc/arm-none-eabi/10.2.1/thumb/v7e-m+fp/hard/crtbegin.o

.preinit_array  0x0800eccc        0x0
                0x0800eccc                PROVIDE (__preinit_array_start = .)
 *(.preinit_array*)
                0x0800eccc                PROVIDE (__preinit_array_end = .)

.init_array     0x0800eccc        0x8
                0x0800eccc                PROVIDE (__init_array_start = .)
 *(SORT_BY_NAME(.init_array.*))
 .init_array.00000
                0x0800eccc        0x4 e:/gcc-arm-none-eabi-10-2020-q4-major/bin/../lib/gcc/arm-none-eabi/10.2.1/../../../../arm-none-eabi/lib/thumb/v7e-m+fp/hard\libc.a(lib_a-__call_atexit.o)
 *(.init_array*)
 .init_array    0x0800ecd0        0x4 e:/gcc-arm-none-eabi-10-2020-q4-major/bin/../lib/gcc/arm-none-eabi/10.2.1/thumb/v7e-m+fp/hard/crtbegin.o
                0x0800ecd4                PROVIDE (__init_array_end = .)

.fini_array     0x0800ecd4        0x4
                0x0800ecd4                PROVIDE (__fini_array_start = .)
 *(SORT_BY_NAME(.fini_array.*))
 *(.fini_array*)
 .fini_array    0x0800ecd4        0x4 e:/gcc-arm-none-eabi-10-2020-q4-major/bin/../lib/gcc/arm-none-eabi/10.2.1/thumb/v7e-m+fp/hard/crtbegin.o
                0x0800ecd8                PROVIDE (__fini_array_end = .)
                0x0800ecd8                _sidata = LOADADDR (.data)

.data           0x24000000      0x9c0 load address 0x0800ecd8
                0x24000000                . = ALIGN (0x4)
                0x24000000                _sdata = .
 *(.data)
 *(.data*)
 .data.SystemCoreClock
                0x24000000        0x4 CMakeFiles/UART_PWM.elf.dir/Core/Src/system_stm32h7xx.c.obj
                0x24000000                SystemCoreClock
 .data.SystemD2Clock
                0x24000004        0x4 CMakeFiles/UART_PWM.elf.dir/Core/Src/system_stm32h7xx.c.obj
                0x24000004                SystemD2Clock
 .data.uwTickFreq
                0x24000008        0x1 CMakeFiles/UART_PWM.elf.dir/Drivers/STM32H7xx_HAL_Driver/Src/stm32h7xx_hal.c.obj
                0x24000008                uwTickFreq
 *fill*         0x24000009        0x3 
 .data.uwTickPrio
                0x2400000c        0x4 CMakeFiles/UART_PWM.elf.dir/Drivers/STM32H7xx_HAL_Driver/Src/stm32h7xx_hal.c.obj
                0x2400000c                uwTickPrio
 .data.uxCriticalNesting
                0x24000010        0x4 CMakeFiles/UART_PWM.elf.dir/Middlewares/Third_Party/FreeRTOS/Source/portable/GCC/ARM_CM4F/port.c.obj
 .data._impure_ptr
                0x24000014        0x4 e:/gcc-arm-none-eabi-10-2020-q4-major/bin/../lib/gcc/arm-none-eabi/10.2.1/../../../../arm-none-eabi/lib/thumb/v7e-m+fp/hard\libc.a(lib_a-impure.o)
                0x24000014                _impure_ptr
 .data.impure_data
                0x24000018      0x428 e:/gcc-arm-none-eabi-10-2020-q4-major/bin/../lib/gcc/arm-none-eabi/10.2.1/../../../../arm-none-eabi/lib/thumb/v7e-m+fp/hard\libc.a(lib_a-impure.o)
 .data.__atexit_recursive_mutex
                0x24000440        0x4 e:/gcc-arm-none-eabi-10-2020-q4-major/bin/../lib/gcc/arm-none-eabi/10.2.1/../../../../arm-none-eabi/lib/thumb/v7e-m+fp/hard\libc.a(lib_a-__call_atexit.o)
                0x24000440                __atexit_recursive_mutex
 .data.__global_locale
                0x24000444      0x16c e:/gcc-arm-none-eabi-10-2020-q4-major/bin/../lib/gcc/arm-none-eabi/10.2.1/../../../../arm-none-eabi/lib/thumb/v7e-m+fp/hard\libc.a(lib_a-locale.o)
                0x24000444                __global_locale
 .data.__malloc_av_
                0x240005b0      0x408 e:/gcc-arm-none-eabi-10-2020-q4-major/bin/../lib/gcc/arm-none-eabi/10.2.1/../../../../arm-none-eabi/lib/thumb/v7e-m+fp/hard\libc.a(lib_a-mallocr.o)
                0x240005b0                __malloc_av_
 .data.__malloc_sbrk_base
                0x240009b8        0x4 e:/gcc-arm-none-eabi-10-2020-q4-major/bin/../lib/gcc/arm-none-eabi/10.2.1/../../../../arm-none-eabi/lib/thumb/v7e-m+fp/hard\libc.a(lib_a-mallocr.o)
                0x240009b8                __malloc_sbrk_base
 .data.__malloc_trim_threshold
                0x240009bc        0x4 e:/gcc-arm-none-eabi-10-2020-q4-major/bin/../lib/gcc/arm-none-eabi/10.2.1/../../../../arm-none-eabi/lib/thumb/v7e-m+fp/hard\libc.a(lib_a-mallocr.o)
                0x240009bc                __malloc_trim_threshold
 *(.RamFunc)
 *(.RamFunc*)
                0x240009c0                . = ALIGN (0x4)
                0x240009c0                _edata = .

.igot.plt       0x240009c0        0x0 load address 0x0800f698
 .igot.plt      0x240009c0        0x0 e:/gcc-arm-none-eabi-10-2020-q4-major/bin/../lib/gcc/arm-none-eabi/10.2.1/thumb/v7e-m+fp/hard/crtbegin.o
                0x240009c0                . = ALIGN (0x4)

.bss            0x240009c0     0x4218 load address 0x0800f698
                0x240009c0                _sbss = .
                0x240009c0                __bss_start__ = _sbss
 *(.bss)
 .bss           0x240009c0       0x1c e:/gcc-arm-none-eabi-10-2020-q4-major/bin/../lib/gcc/arm-none-eabi/10.2.1/thumb/v7e-m+fp/hard/crtbegin.o
 *(.bss*)
 .bss.PWMValue  0x240009dc        0x8 CMakeFiles/UART_PWM.elf.dir/Core/Src/freertos.c.obj
                0x240009dc                PWMValue
 .bss.printfMutex
                0x240009e4        0x4 CMakeFiles/UART_PWM.elf.dir/Core/Src/freertos.c.obj
                0x240009e4                printfMutex
 .bss.uartBuffer
                0x240009e8       0x32 CMakeFiles/UART_PWM.elf.dir/Core/Src/freertos.c.obj
                0x240009e8                uartBuffer
 *fill*         0x24000a1a        0x2 
 .bss.xIdleStack
                0x24000a1c      0x200 CMakeFiles/UART_PWM.elf.dir/Core/Src/freertos.c.obj
 .bss.xIdleTaskTCBBuffer
                0x24000c1c       0x54 CMakeFiles/UART_PWM.elf.dir/Core/Src/freertos.c.obj
 .bss.KEYTaskHandle
                0x24000c70        0x4 CMakeFiles/UART_PWM.elf.dir/Core/Src/main.c.obj
                0x24000c70                KEYTaskHandle
 .bss.PWMTaskHandle
                0x24000c74        0x4 CMakeFiles/UART_PWM.elf.dir/Core/Src/main.c.obj
                0x24000c74                PWMTaskHandle
 .bss.UARTTaskHandle
                0x24000c78        0x4 CMakeFiles/UART_PWM.elf.dir/Core/Src/main.c.obj
                0x24000c78                UARTTaskHandle
 .bss.defaultTaskHandle
                0x24000c7c        0x4 CMakeFiles/UART_PWM.elf.dir/Core/Src/main.c.obj
                0x24000c7c                defaultTaskHandle
 .bss.hdma_usart1_rx
                0x24000c80       0x78 CMakeFiles/UART_PWM.elf.dir/Core/Src/main.c.obj
                0x24000c80                hdma_usart1_rx
 .bss.htim1     0x24000cf8       0x4c CMakeFiles/UART_PWM.elf.dir/Core/Src/main.c.obj
                0x24000cf8                htim1
 .bss.huart1    0x24000d44       0x94 CMakeFiles/UART_PWM.elf.dir/Core/Src/main.c.obj
                0x24000d44                huart1
 .bss.__sbrk_heap_end
                0x24000dd8        0x4 CMakeFiles/UART_PWM.elf.dir/Core/Src/sysmem.c.obj
 .bss.uwTick    0x24000ddc        0x4 CMakeFiles/UART_PWM.elf.dir/Drivers/STM32H7xx_HAL_Driver/Src/stm32h7xx_hal.c.obj
                0x24000ddc                uwTick
 .bss.ucMaxSysCallPriority
                0x24000de0        0x1 CMakeFiles/UART_PWM.elf.dir/Middlewares/Third_Party/FreeRTOS/Source/portable/GCC/ARM_CM4F/port.c.obj
 *fill*         0x24000de1        0x3 
 .bss.ulMaxPRIGROUPValue
                0x24000de4        0x4 CMakeFiles/UART_PWM.elf.dir/Middlewares/Third_Party/FreeRTOS/Source/portable/GCC/ARM_CM4F/port.c.obj
 .bss.pxEnd     0x24000de8        0x4 CMakeFiles/UART_PWM.elf.dir/Middlewares/Third_Party/FreeRTOS/Source/portable/MemMang/heap_4.c.obj
 .bss.ucHeap    0x24000dec     0x3c00 CMakeFiles/UART_PWM.elf.dir/Middlewares/Third_Party/FreeRTOS/Source/portable/MemMang/heap_4.c.obj
 .bss.xBlockAllocatedBit
                0x240049ec        0x4 CMakeFiles/UART_PWM.elf.dir/Middlewares/Third_Party/FreeRTOS/Source/portable/MemMang/heap_4.c.obj
 .bss.xFreeBytesRemaining
                0x240049f0        0x4 CMakeFiles/UART_PWM.elf.dir/Middlewares/Third_Party/FreeRTOS/Source/portable/MemMang/heap_4.c.obj
 .bss.xMinimumEverFreeBytesRemaining
                0x240049f4        0x4 CMakeFiles/UART_PWM.elf.dir/Middlewares/Third_Party/FreeRTOS/Source/portable/MemMang/heap_4.c.obj
 .bss.xNumberOfSuccessfulAllocations
                0x240049f8        0x4 CMakeFiles/UART_PWM.elf.dir/Middlewares/Third_Party/FreeRTOS/Source/portable/MemMang/heap_4.c.obj
 .bss.xNumberOfSuccessfulFrees
                0x240049fc        0x4 CMakeFiles/UART_PWM.elf.dir/Middlewares/Third_Party/FreeRTOS/Source/portable/MemMang/heap_4.c.obj
 .bss.xStart    0x24004a00        0x8 CMakeFiles/UART_PWM.elf.dir/Middlewares/Third_Party/FreeRTOS/Source/portable/MemMang/heap_4.c.obj
 .bss.pxCurrentTCB
                0x24004a08        0x4 CMakeFiles/UART_PWM.elf.dir/Middlewares/Third_Party/FreeRTOS/Source/tasks.c.obj
                0x24004a08                pxCurrentTCB
 .bss.pxDelayedTaskList
                0x24004a0c        0x4 CMakeFiles/UART_PWM.elf.dir/Middlewares/Third_Party/FreeRTOS/Source/tasks.c.obj
 .bss.pxOverflowDelayedTaskList
                0x24004a10        0x4 CMakeFiles/UART_PWM.elf.dir/Middlewares/Third_Party/FreeRTOS/Source/tasks.c.obj
 .bss.pxReadyTasksLists
                0x24004a14       0x8c CMakeFiles/UART_PWM.elf.dir/Middlewares/Third_Party/FreeRTOS/Source/tasks.c.obj
 .bss.uxCurrentNumberOfTasks
                0x24004aa0        0x4 CMakeFiles/UART_PWM.elf.dir/Middlewares/Third_Party/FreeRTOS/Source/tasks.c.obj
 .bss.uxDeletedTasksWaitingCleanUp
                0x24004aa4        0x4 CMakeFiles/UART_PWM.elf.dir/Middlewares/Third_Party/FreeRTOS/Source/tasks.c.obj
 .bss.uxSchedulerSuspended
                0x24004aa8        0x4 CMakeFiles/UART_PWM.elf.dir/Middlewares/Third_Party/FreeRTOS/Source/tasks.c.obj
 .bss.uxTaskNumber
                0x24004aac        0x4 CMakeFiles/UART_PWM.elf.dir/Middlewares/Third_Party/FreeRTOS/Source/tasks.c.obj
 .bss.uxTopReadyPriority
                0x24004ab0        0x4 CMakeFiles/UART_PWM.elf.dir/Middlewares/Third_Party/FreeRTOS/Source/tasks.c.obj
 .bss.xDelayedTaskList1
                0x24004ab4       0x14 CMakeFiles/UART_PWM.elf.dir/Middlewares/Third_Party/FreeRTOS/Source/tasks.c.obj
 .bss.xDelayedTaskList2
                0x24004ac8       0x14 CMakeFiles/UART_PWM.elf.dir/Middlewares/Third_Party/FreeRTOS/Source/tasks.c.obj
 .bss.xIdleTaskHandle
                0x24004adc        0x4 CMakeFiles/UART_PWM.elf.dir/Middlewares/Third_Party/FreeRTOS/Source/tasks.c.obj
 .bss.xNextTaskUnblockTime
                0x24004ae0        0x4 CMakeFiles/UART_PWM.elf.dir/Middlewares/Third_Party/FreeRTOS/Source/tasks.c.obj
 .bss.xNumOfOverflows
                0x24004ae4        0x4 CMakeFiles/UART_PWM.elf.dir/Middlewares/Third_Party/FreeRTOS/Source/tasks.c.obj
 .bss.xPendedTicks
                0x24004ae8        0x4 CMakeFiles/UART_PWM.elf.dir/Middlewares/Third_Party/FreeRTOS/Source/tasks.c.obj
 .bss.xPendingReadyList
                0x24004aec       0x14 CMakeFiles/UART_PWM.elf.dir/Middlewares/Third_Party/FreeRTOS/Source/tasks.c.obj
 .bss.xSchedulerRunning
                0x24004b00        0x4 CMakeFiles/UART_PWM.elf.dir/Middlewares/Third_Party/FreeRTOS/Source/tasks.c.obj
 .bss.xSuspendedTaskList
                0x24004b04       0x14 CMakeFiles/UART_PWM.elf.dir/Middlewares/Third_Party/FreeRTOS/Source/tasks.c.obj
 .bss.xTasksWaitingTermination
                0x24004b18       0x14 CMakeFiles/UART_PWM.elf.dir/Middlewares/Third_Party/FreeRTOS/Source/tasks.c.obj
 .bss.xTickCount
                0x24004b2c        0x4 CMakeFiles/UART_PWM.elf.dir/Middlewares/Third_Party/FreeRTOS/Source/tasks.c.obj
 .bss.xYieldPending
                0x24004b30        0x4 CMakeFiles/UART_PWM.elf.dir/Middlewares/Third_Party/FreeRTOS/Source/tasks.c.obj
 .bss.KEY1      0x24004b34       0x28 CMakeFiles/UART_PWM.elf.dir/UserApp/Button/multi_button.c.obj
                0x24004b34                KEY1
 .bss.KEY2      0x24004b5c       0x28 CMakeFiles/UART_PWM.elf.dir/UserApp/Button/multi_button.c.obj
                0x24004b5c                KEY2
 .bss.head_handle
                0x24004b84        0x4 CMakeFiles/UART_PWM.elf.dir/UserApp/Button/multi_button.c.obj
 .bss.temp_1.1  0x24004b88        0x4 CMakeFiles/UART_PWM.elf.dir/UserApp/Retarget/retarget.c.obj
 .bss.temp_2.0  0x24004b8c        0x4 CMakeFiles/UART_PWM.elf.dir/UserApp/Retarget/retarget.c.obj
 .bss.__lock___atexit_recursive_mutex
                0x24004b90        0x1 e:/gcc-arm-none-eabi-10-2020-q4-major/bin/../lib/gcc/arm-none-eabi/10.2.1/../../../../arm-none-eabi/lib/thumb/v7e-m+fp/hard\libc.a(lib_a-lock.o)
                0x24004b90                __lock___atexit_recursive_mutex
 *fill*         0x24004b91        0x3 
 .bss.__lock___malloc_recursive_mutex